# project source-engine (1.0) configured on Fri Aug 14 15:09:23 2026 by
# waf 2.0.26 (abi 20, python 30c0af0 on linux)
# using waf configure -T debug --prefix=/tmp/csbuild
#
-------------------------------------------------------
Setting top to
/workspace
-------------------------------------------------------
Setting out to
/workspace/build
-------------------------------------------------------
Build type
debug
-------------------------------------------------------
LTO build
no
-------------------------------------------------------
PolyOpt build
no
-------------------------------------------------------
Checking for 'gcc' (C compiler)
find program=['gcc', 'cc'] paths=['/usr/local/sbin', '/usr/local/bin', '/usr/sbin', '/usr/bin', '/sbin', '/bin'] var='CC' -> ['/usr/bin/gcc']
['/usr/bin/gcc', '-dM', '-E', '-']
out: #define __DBL_MIN_EXP__ (-1021)
#define __UINT_LEAST16_MAX__ 0xffff
#define __FLT16_HAS_QUIET_NAN__ 1
#define __ATOMIC_ACQUIRE 2
#define __FLT128_MAX_10_EXP__ 4932
#define __FLT_MIN__ 1.17549435082228750796873653722224568e-38F
#define __GCC_IEC_559_COMPLEX 2
#define __UINT_LEAST8_TYPE__ unsigned char
#define __SIZEOF_FLOAT80__ 16
#define __INTMAX_C(c) c ## L
#define __CHAR_BIT__ 8
#define __UINT8_MAX__ 0xff
#define __SCHAR_WIDTH__ 8
#define __WINT_MAX__ 0xffffffffU
#define __FLT32_MIN_EXP__ (-125)
#define __ORDER_LITTLE_ENDIAN__ 1234
#define __SIZE_MAX__ 0xffffffffffffffffUL
#define __WCHAR_MAX__ 0x7fffffff
#define __GCC_HAVE_SYNC_COMPARE_AND_SWAP_2 1
#define __GCC_HAVE_SYNC_COMPARE_AND_SWAP_4 1
#define __GCC_HAVE_SYNC_COMPARE_AND_SWAP_8 1
#define __GCC_ATOMIC_CHAR_LOCK_FREE 2
#define __GCC_IEC_559 2
#define __FLT32X_DECIMAL_DIG__ 17
#define __FLT_EVAL_METHOD__ 0
#define __FLT64_DECIMAL_DIG__ 17
#define __GCC_ATOMIC_CHAR32_T_LOCK_FREE 2
#define __UINT_FAST64_MAX__ 0xffffffffffffffffUL
#define __SIG_ATOMIC_TYPE__ int
#define __DBL_MIN_10_EXP__ (-307)
#define __FINITE_MATH_ONLY__ 0
#define __FLT32X_MAX_EXP__ 1024
#define __GCC_HAVE_SYNC_COMPARE_AND_SWAP_1 1
#define __FLT32_HAS_DENORM__ 1
#define __UINT_FAST8_MAX__ 0xff
#define __FLT32_MAX_10_EXP__ 38
#define __DEC64_MAX_EXP__ 385
#define __INT8_C(c) c
#define __INT_LEAST8_WIDTH__ 8
#define __UINT_LEAST64_MAX__ 0xffffffffffffffffUL
#define __SHRT_MAX__ 0x7fff
#define __LDBL_MAX__ 1.18973149535723176502126385303097021e+4932L
#define __FLT64X_MAX_10_EXP__ 4932
#define __LDBL_IS_IEC_60559__ 2
#define __FLT64X_HAS_QUIET_NAN__ 1
#define __UINT_LEAST8_MAX__ 0xff
#define __GCC_ATOMIC_BOOL_LOCK_FREE 2
#define __FLT128_DENORM_MIN__ 6.47517511943802511092443895822764655e-4966F128
#define __UINTMAX_TYPE__ long unsigned int
#define __linux 1
#define __DEC32_EPSILON__ 1E-6DF
#define __FLT_EVAL_METHOD_TS_18661_3__ 0
#define __unix 1
#define __UINT32_MAX__ 0xffffffffU
#define __DBL_DENORM_MIN__ ((double)4.94065645841246544176568792868221372e-324L)
#define __FLT128_MIN_EXP__ (-16381)
#define __WINT_MIN__ 0U
#define __FLT128_MIN_10_EXP__ (-4931)
#define __FLT32X_IS_IEC_60559__ 2
#define __INT_LEAST16_WIDTH__ 16
#define __SCHAR_MAX__ 0x7f
#define __FLT128_MANT_DIG__ 113
#define __WCHAR_MIN__ (-__WCHAR_MAX__ - 1)
#define __INT64_C(c) c ## L
#define __GCC_ATOMIC_POINTER_LOCK_FREE 2
#define __FLT32X_MANT_DIG__ 53
#define __FLT64X_EPSILON__ 1.08420217248550443400745280086994171e-19F64x
#define __STDC_HOSTED__ 1
#define __DEC64_MIN_EXP__ (-382)
#define __DBL_DIG__ 15
#define __FLT32_DIG__ 6
#define __FLT_EPSILON__ 1.19209289550781250000000000000000000e-7F
#define __SHRT_WIDTH__ 16
#define __FLT32_IS_IEC_60559__ 2
#define __LDBL_MIN__ 3.36210314311209350626267781732175260e-4932L
#define __STDC_UTF_16__ 1
#define __DBL_IS_IEC_60559__ 2
#define __DEC32_MAX__ 9.999999E96DF
#define __FLT64X_DENORM_MIN__ 3.64519953188247460252840593361941982e-4951F64x
#define __FLT32X_HAS_INFINITY__ 1
#define __INT32_MAX__ 0x7fffffff
#define __FLT16_DIG__ 3
#define __unix__ 1
#define __INT_WIDTH__ 32
#define __SIZEOF_LONG__ 8
#define __STDC_IEC_559__ 1
#define __STDC_ISO_10646__ 201706L
#define __UINT16_C(c) c
#define __DECIMAL_DIG__ 21
#define __STDC_IEC_559_COMPLEX__ 1
#define __FLT64_EPSILON__ 2.22044604925031308084726333618164062e-16F64
#define __gnu_linux__ 1
#define __FLT128_IS_IEC_60559__ 2
#define __FLT64X_MIN_10_EXP__ (-4931)
#define __LDBL_HAS_QUIET_NAN__ 1
#define __FLT16_MIN_EXP__ (-13)
#define __FLT64_MANT_DIG__ 53
#define __FLT64X_MANT_DIG__ 64
#define __GNUC__ 12
#define __pie__ 2
#define __MMX__ 1
#define __FLT_HAS_DENORM__ 1
#define __SIZEOF_LONG_DOUBLE__ 16
#define __BIGGEST_ALIGNMENT__ 16
#define __FLT64_MAX_10_EXP__ 308
#define __FLT16_MAX_10_EXP__ 4
#define __DBL_MAX__ ((double)1.79769313486231570814527423731704357e+308L)
#define __INT_FAST32_MAX__ 0x7fffffffffffffffL
#define __DBL_HAS_INFINITY__ 1
#define __SIZEOF_FLOAT__ 4
#define __HAVE_SPECULATION_SAFE_VALUE 1
#define __DEC32_MIN_EXP__ (-94)
#define __INTPTR_WIDTH__ 64
#define __FLT64X_HAS_INFINITY__ 1
#define __UINT_LEAST32_MAX__ 0xffffffffU
#define __FLT32X_HAS_DENORM__ 1
#define __INT_FAST16_TYPE__ long int
#define __MMX_WITH_SSE__ 1
#define __LDBL_HAS_DENORM__ 1
#define __SEG_GS 1
#define __FLT128_HAS_INFINITY__ 1
#define __DEC32_MIN__ 1E-95DF
#define __DBL_MAX_EXP__ 1024
#define __WCHAR_WIDTH__ 32
#define __FLT32_MAX__ 3.40282346638528859811704183484516925e+38F32
#define __DEC128_EPSILON__ 1E-33DL
#define __FLT16_DECIMAL_DIG__ 5
#define __SSE2_MATH__ 1
#define __ATOMIC_HLE_RELEASE 131072
#define __PTRDIFF_MAX__ 0x7fffffffffffffffL
#define __amd64 1
#define __ATOMIC_HLE_ACQUIRE 65536
#define __LONG_LONG_MAX__ 0x7fffffffffffffffLL
#define __SIZEOF_SIZE_T__ 8
#define __FLT64X_MIN_EXP__ (-16381)
#define __SIZEOF_WINT_T__ 4
#define __LONG_LONG_WIDTH__ 64
#define __FLT32_MAX_EXP__ 128
#define __GXX_ABI_VERSION 1017
#define __FLT_MIN_EXP__ (-125)
#define __GCC_HAVE_DWARF2_CFI_ASM 1
#define __INT16_MAX__ 0x7fff
#define __x86_64 1
#define __INT_FAST64_TYPE__ long int
#define __FLT64_DENORM_MIN__ 4.94065645841246544176568792868221372e-324F64
#define __DBL_MIN__ ((double)2.22507385850720138309023271733240406e-308L)
#define __FLT16_DENORM_MIN__ 5.96046447753906250000000000000000000e-8F16
#define __FLT128_EPSILON__ 1.92592994438723585305597794258492732e-34F128
#define __FLT64X_NORM_MAX__ 1.18973149535723176502126385303097021e+4932F64x
#define __SIZEOF_POINTER__ 8
#define __LP64__ 1
#define __DBL_HAS_QUIET_NAN__ 1
#define __FLT32X_EPSILON__ 2.22044604925031308084726333618164062e-16F32x
#define __DECIMAL_BID_FORMAT__ 1
#define __FLT64_MIN_EXP__ (-1021)
#define __FLT64_MIN_10_EXP__ (-307)
#define __FLT16_MIN_10_EXP__ (-4)
#define __FLT64X_DECIMAL_DIG__ 21
#define __DEC128_MIN__ 1E-6143DL
#define __REGISTER_PREFIX__ 
#define __UINT16_MAX__ 0xffff
#define __DBL_HAS_DENORM__ 1
#define __LDBL_HAS_INFINITY__ 1
#define __FLT32_MIN__ 1.17549435082228750796873653722224568e-38F32
#define __UINT8_TYPE__ unsigned char
#define __FLT_DIG__ 6
#define __NO_INLINE__ 1
#define __DEC_EVAL_METHOD__ 2
#define __DEC128_MAX__ 9.999999999999999999999999999999999E6144DL
#define __FLT_MANT_DIG__ 24
#define __LDBL_DECIMAL_DIG__ 21
#define __VERSION__ "12.2.0"
#define __UINT64_C(c) c ## UL
#define _STDC_PREDEF_H 1
#define __INT_LEAST32_MAX__ 0x7fffffff
#define __GCC_ATOMIC_INT_LOCK_FREE 2
#define __FLT128_MAX_EXP__ 16384
#define __FLT32_MANT_DIG__ 24
#define __FLOAT_WORD_ORDER__ __ORDER_LITTLE_ENDIAN__
#define __FLT32X_MIN_EXP__ (-1021)
#define __STDC_IEC_60559_COMPLEX__ 201404L
#define __FLT128_HAS_DENORM__ 1
#define __FLT32_DECIMAL_DIG__ 9
#define __FLT128_DIG__ 33
#define __INT32_C(c) c
#define __DEC64_EPSILON__ 1E-15DD
#define __ORDER_PDP_ENDIAN__ 3412
#define __DEC128_MIN_EXP__ (-6142)
#define __INT_FAST32_TYPE__ long int
#define __UINT_LEAST16_TYPE__ short unsigned int
#define unix 1
#define __SIZE_TYPE__ long unsigned int
#define __UINT64_MAX__ 0xffffffffffffffffUL
#define __FLT_IS_IEC_60559__ 2
#define __GNUC_WIDE_EXECUTION_CHARSET_NAME "UTF-32LE"
#define __FLT64X_DIG__ 18
#define __INT8_TYPE__ signed char
#define __ELF__ 1
#define __GCC_ASM_FLAG_OUTPUTS__ 1
#define __UINT32_TYPE__ unsigned int
#define __FLT_RADIX__ 2
#define __INT_LEAST16_TYPE__ short int
#define __LDBL_EPSILON__ 1.08420217248550443400745280086994171e-19L
#define __UINTMAX_C(c) c ## UL
#define __SSE_MATH__ 1
#define __k8 1
#define __FLT32X_MIN__ 2.22507385850720138309023271733240406e-308F32x
#define __SIG_ATOMIC_MAX__ 0x7fffffff
#define __GCC_ATOMIC_WCHAR_T_LOCK_FREE 2
#define __USER_LABEL_PREFIX__ 
#define __STDC_IEC_60559_BFP__ 201404L
#define __SIZEOF_PTRDIFF_T__ 8
#define __LDBL_DIG__ 18
#define __FLT64_IS_IEC_60559__ 2
#define __x86_64__ 1
#define __FLT16_IS_IEC_60559__ 2
#define __FLT16_MAX_EXP__ 16
#define __DEC32_SUBNORMAL_MIN__ 0.000001E-95DF
#define __INT_FAST16_MAX__ 0x7fffffffffffffffL
#define __GCC_CONSTRUCTIVE_SIZE 64
#define __FLT64_DIG__ 15
#define __UINT_FAST32_MAX__ 0xffffffffffffffffUL
#define __UINT_LEAST64_TYPE__ long unsigned int
#define __FLT16_EPSILON__ 9.76562500000000000000000000000000000e-4F16
#define __FLT_HAS_QUIET_NAN__ 1
#define __FLT_MAX_10_EXP__ 38
#define __LONG_MAX__ 0x7fffffffffffffffL
#define __FLT64X_HAS_DENORM__ 1
#define __DEC128_SUBNORMAL_MIN__ 0.000000000000000000000000000000001E-6143DL
#define __FLT_HAS_INFINITY__ 1
#define __GNUC_EXECUTION_CHARSET_NAME "UTF-8"
#define __UINT_FAST16_TYPE__ long unsigned int
#define __DEC64_MAX__ 9.999999999999999E384DD
#define __INT_FAST32_WIDTH__ 64
#define __CHAR16_TYPE__ short unsigned int
#define __PRAGMA_REDEFINE_EXTNAME 1
#define __SIZE_WIDTH__ 64
#define __SEG_FS 1
#define __INT_LEAST16_MAX__ 0x7fff
#define __FLT16_NORM_MAX__ 6.55040000000000000000000000000000000e+4F16
#define __DEC64_MANT_DIG__ 16
#define __INT64_MAX__ 0x7fffffffffffffffL
#define __FLT32_DENORM_MIN__ 1.40129846432481707092372958328991613e-45F32
#define __SIG_ATOMIC_WIDTH__ 32
#define __INT_LEAST64_TYPE__ long int
#define __INT16_TYPE__ short int
#define __INT_LEAST8_TYPE__ signed char
#define __FLT16_MAX__ 6.55040000000000000000000000000000000e+4F16
#define __STDC_VERSION__ 201710L
#define __SIZEOF_INT__ 4
#define __DEC32_MAX_EXP__ 97
#define __INT_FAST8_MAX__ 0x7f
#define __FLT128_MAX__ 1.18973149535723176508575932662800702e+4932F128
#define __INTPTR_MAX__ 0x7fffffffffffffffL
#define linux 1
#define __FLT64_HAS_QUIET_NAN__ 1
#define __FLT32_MIN_10_EXP__ (-37)
#define __FLT32X_DIG__ 15
#define __PTRDIFF_WIDTH__ 64
#define __LDBL_MANT_DIG__ 64
#define __FLT64_HAS_INFINITY__ 1
#define __FLT64X_MAX__ 1.18973149535723176502126385303097021e+4932F64x
#define __FLT16_HAS_INFINITY__ 1
#define __SIG_ATOMIC_MIN__ (-__SIG_ATOMIC_MAX__ - 1)
#define __code_model_small__ 1
#define __GCC_ATOMIC_LONG_LOCK_FREE 2
#define __DEC32_MANT_DIG__ 7
#define __FLT16_MANT_DIG__ 11
#define __k8__ 1
#define __INTPTR_TYPE__ long int
#define __UINT16_TYPE__ short unsigned int
#define __WCHAR_TYPE__ int
#define __pic__ 2
#define __UINTPTR_MAX__ 0xffffffffffffffffUL
#define __INT_FAST64_WIDTH__ 64
#define __INT_FAST64_MAX__ 0x7fffffffffffffffL
#define __GCC_ATOMIC_TEST_AND_SET_TRUEVAL 1
#define __FLT_NORM_MAX__ 3.40282346638528859811704183484516925e+38F
#define __FLT32_HAS_INFINITY__ 1
#define __FLT64X_MAX_EXP__ 16384
#define __UINT_FAST64_TYPE__ long unsigned int
#define __INT_MAX__ 0x7fffffff
#define __linux__ 1
#define __INT64_TYPE__ long int
#define __FLT_MAX_EXP__ 128
#define __ORDER_BIG_ENDIAN__ 4321
#define __DBL_MANT_DIG__ 53
#define __SIZEOF_FLOAT128__ 16
#define __INT_LEAST64_MAX__ 0x7fffffffffffffffL
#define __GCC_ATOMIC_CHAR16_T_LOCK_FREE 2
#define __DEC64_MIN__ 1E-383DD
#define __WINT_TYPE__ unsigned int
#define __UINT_LEAST32_TYPE__ unsigned int
#define __SIZEOF_SHORT__ 2
#define __FLT32_NORM_MAX__ 3.40282346638528859811704183484516925e+38F32
#define __SSE__ 1
#define __LDBL_MIN_EXP__ (-16381)
#define __FLT64_MAX__ 1.79769313486231570814527423731704357e+308F64
#define __amd64__ 1
#define __WINT_WIDTH__ 32
#define __INT_LEAST8_MAX__ 0x7f
#define __INT_LEAST64_WIDTH__ 64
#define __LDBL_MAX_EXP__ 16384
#define __FLT32X_MAX_10_EXP__ 308
#define __SIZEOF_INT128__ 16
#define __FLT16_MIN__ 6.10351562500000000000000000000000000e-5F16
#define __FLT64X_IS_IEC_60559__ 2
#define __LDBL_MAX_10_EXP__ 4932
#define __ATOMIC_RELAXED 0
#define __DBL_EPSILON__ ((double)2.22044604925031308084726333618164062e-16L)
#define __FLT128_MIN__ 3.36210314311209350626267781732175260e-4932F128
#define _LP64 1
#define __UINT8_C(c) c
#define __FLT64_MAX_EXP__ 1024
#define __INT_LEAST32_TYPE__ int
#define __SIZEOF_WCHAR_T__ 4
#define __UINT64_TYPE__ long unsigned int
#define __GNUC_PATCHLEVEL__ 0
#define __FLT128_NORM_MAX__ 1.18973149535723176508575932662800702e+4932F128
#define __FLT64_NORM_MAX__ 1.79769313486231570814527423731704357e+308F64
#define __FLT128_HAS_QUIET_NAN__ 1
#define __INTMAX_MAX__ 0x7fffffffffffffffL
#define __INT_FAST8_TYPE__ signed char
#define __FLT64X_MIN__ 3.36210314311209350626267781732175260e-4932F64x
#define __GNUC_STDC_INLINE__ 1
#define __FLT64_HAS_DENORM__ 1
#define __FLT32_EPSILON__ 1.19209289550781250000000000000000000e-7F32
#define __FLT16_HAS_DENORM__ 1
#define __DBL_DECIMAL_DIG__ 17
#define __STDC_UTF_32__ 1
#define __INT_FAST8_WIDTH__ 8
#define __FXSR__ 1
#define __FLT32X_MAX__ 1.79769313486231570814527423731704357e+308F32x
#define __DBL_NORM_MAX__ ((double)1.79769313486231570814527423731704357e+308L)
#define __BYTE_ORDER__ __ORDER_LITTLE_ENDIAN__
#define __GCC_DESTRUCTIVE_SIZE 64
#define __INTMAX_WIDTH__ 64
#define __UINT32_C(c) c ## U
#define __FLT_DENORM_MIN__ 1.40129846432481707092372958328991613e-45F
#define __INT8_MAX__ 0x7f
#define __LONG_WIDTH__ 64
#define __PIC__ 2
#define __UINT_FAST32_TYPE__ long unsigned int
#define __FLT32X_NORM_MAX__ 1.79769313486231570814527423731704357e+308F32x
#define __CHAR32_TYPE__ unsigned int
#define __FLT_MAX__ 3.40282346638528859811704183484516925e+38F
#define __SSE2__ 1
#define __INT32_TYPE__ int
#define __SIZEOF_DOUBLE__ 8
#define __FLT_MIN_10_EXP__ (-37)
#define __FLT64_MIN__ 2.22507385850720138309023271733240406e-308F64
#define __INT_LEAST32_WIDTH__ 32
#define __INTMAX_TYPE__ long int
#define __DEC128_MAX_EXP__ 6145
#define __FLT32X_HAS_QUIET_NAN__ 1
#define __ATOMIC_CONSUME 1
#define __GNUC_MINOR__ 2
#define __INT_FAST16_WIDTH__ 64
#define __UINTMAX_MAX__ 0xffffffffffffffffUL
#define __PIE__ 2
#define __FLT32X_DENORM_MIN__ 4.94065645841246544176568792868221372e-324F32x
#define __DBL_MAX_10_EXP__ 308
#define __LDBL_DENORM_MIN__ 3.64519953188247460252840593361941982e-4951L
#define __INT16_C(c) c
#define __STDC__ 1
#define __PTRDIFF_TYPE__ long int
#define __ATOMIC_SEQ_CST 5
#define __FLT32X_MIN_10_EXP__ (-307)
#define __UINTPTR_TYPE__ long unsigned int
#define __DEC64_SUBNORMAL_MIN__ 0.000000000000001E-383DD
#define __DEC128_MANT_DIG__ 34
#define __LDBL_MIN_10_EXP__ (-4931)
#define __SIZEOF_LONG_LONG__ 8
#define __FLT128_DECIMAL_DIG__ 36
#define __GCC_ATOMIC_LLONG_LOCK_FREE 2
#define __FLT32_HAS_QUIET_NAN__ 1
#define __FLT_DECIMAL_DIG__ 9
#define __UINT_FAST16_MAX__ 0xffffffffffffffffUL
#define __LDBL_NORM_MAX__ 1.18973149535723176502126385303097021e+4932L
#define __GCC_ATOMIC_SHORT_LOCK_FREE 2
#define __UINT_FAST8_TYPE__ unsigned char
#define __ATOMIC_ACQ_REL 4
#define __ATOMIC_RELEASE 3

find program=['ar'] paths=['/usr/local/sbin', '/usr/local/bin', '/usr/sbin', '/usr/bin', '/sbin', '/bin'] var='AR' -> ['/usr/bin/ar']
/usr/bin/gcc
-------------------------------------------------------
Target OS
linux
-------------------------------------------------------
Target CPU
x86_64
-------------------------------------------------------
Target binfmt
elf
-------------------------------------------------------
Checking for 'g++' (C++ compiler)
find program=['g++', 'c++'] paths=['/usr/local/sbin', '/usr/local/bin', '/usr/sbin', '/usr/bin', '/sbin', '/bin'] var='CXX' -> ['/usr/bin/g++']
['/usr/bin/g++', '-dM', '-E', '-']
out: #define __DBL_MIN_EXP__ (-1021)
#define __UINT_LEAST16_MAX__ 0xffff
#define __FLT16_HAS_QUIET_NAN__ 1
#define __ATOMIC_ACQUIRE 2
#define __FLT128_MAX_10_EXP__ 4932
#define __FLT_MIN__ 1.17549435082228750796873653722224568e-38F
#define __GCC_IEC_559_COMPLEX 2
#define __UINT_LEAST8_TYPE__ unsigned char
#define __SIZEOF_FLOAT80__ 16
#define __INTMAX_C(c) c ## L
#define __CHAR_BIT__ 8
#define __UINT8_MAX__ 0xff
#define __SCHAR_WIDTH__ 8
#define __WINT_MAX__ 0xffffffffU
#define __FLT32_MIN_EXP__ (-125)
#define __ORDER_LITTLE_ENDIAN__ 1234
#define __SIZE_MAX__ 0xffffffffffffffffUL
#define __WCHAR_MAX__ 0x7fffffff
#define __GCC_HAVE_SYNC_COMPARE_AND_SWAP_2 1
#define __GCC_HAVE_SYNC_COMPARE_AND_SWAP_4 1
#define __GCC_HAVE_SYNC_COMPARE_AND_SWAP_8 1
#define __GCC_ATOMIC_CHAR_LOCK_FREE 2
#define __GCC_IEC_559 2
#define __FLT32X_DECIMAL_DIG__ 17
#define __FLT_EVAL_METHOD__ 0
#define __FLT64_DECIMAL_DIG__ 17
#define __GCC_ATOMIC_CHAR32_T_LOCK_FREE 2
#define __UINT_FAST64_MAX__ 0xffffffffffffffffUL
#define __SIG_ATOMIC_TYPE__ int
#define __DBL_MIN_10_EXP__ (-307)
#define __FINITE_MATH_ONLY__ 0
#define __FLT32X_MAX_EXP__ 1024
#define __GCC_HAVE_SYNC_COMPARE_AND_SWAP_1 1
#define __FLT32_HAS_DENORM__ 1
#define __UINT_FAST8_MAX__ 0xff
#define __FLT32_MAX_10_EXP__ 38
#define __DEC64_MAX_EXP__ 385
#define __INT8_C(c) c
#define __INT_LEAST8_WIDTH__ 8
#define __UINT_LEAST64_MAX__ 0xffffffffffffffffUL
#define __SHRT_MAX__ 0x7fff
#define __LDBL_MAX__ 1.18973149535723176502126385303097021e+4932L
#define __FLT64X_MAX_10_EXP__ 4932
#define __LDBL_IS_IEC_60559__ 2
#define __FLT64X_HAS_QUIET_NAN__ 1
#define __UINT_LEAST8_MAX__ 0xff
#define __GCC_ATOMIC_BOOL_LOCK_FREE 2
#define __FLT128_DENORM_MIN__ 6.47517511943802511092443895822764655e-4966F128
#define __UINTMAX_TYPE__ long unsigned int
#define __linux 1
#define __DEC32_EPSILON__ 1E-6DF
#define __FLT_EVAL_METHOD_TS_18661_3__ 0
#define __unix 1
#define __UINT32_MAX__ 0xffffffffU
#define __DBL_DENORM_MIN__ ((double)4.94065645841246544176568792868221372e-324L)
#define __FLT128_MIN_EXP__ (-16381)
#define __WINT_MIN__ 0U
#define __FLT128_MIN_10_EXP__ (-4931)
#define __FLT32X_IS_IEC_60559__ 2
#define __INT_LEAST16_WIDTH__ 16
#define __SCHAR_MAX__ 0x7f
#define __FLT128_MANT_DIG__ 113
#define __WCHAR_MIN__ (-__WCHAR_MAX__ - 1)
#define __INT64_C(c) c ## L
#define __GCC_ATOMIC_POINTER_LOCK_FREE 2
#define __FLT32X_MANT_DIG__ 53
#define __FLT64X_EPSILON__ 1.08420217248550443400745280086994171e-19F64x
#define __STDC_HOSTED__ 1
#define __DEC64_MIN_EXP__ (-382)
#define __DBL_DIG__ 15
#define __FLT32_DIG__ 6
#define __FLT_EPSILON__ 1.19209289550781250000000000000000000e-7F
#define __SHRT_WIDTH__ 16
#define __FLT32_IS_IEC_60559__ 2
#define __LDBL_MIN__ 3.36210314311209350626267781732175260e-4932L
#define __STDC_UTF_16__ 1
#define __DBL_IS_IEC_60559__ 2
#define __DEC32_MAX__ 9.999999E96DF
#define __FLT64X_DENORM_MIN__ 3.64519953188247460252840593361941982e-4951F64x
#define __FLT32X_HAS_INFINITY__ 1
#define __INT32_MAX__ 0x7fffffff
#define __FLT16_DIG__ 3
#define __unix__ 1
#define __INT_WIDTH__ 32
#define __SIZEOF_LONG__ 8
#define __STDC_IEC_559__ 1
#define __STDC_ISO_10646__ 201706L
#define __UINT16_C(c) c
#define __DECIMAL_DIG__ 21
#define __STDC_IEC_559_COMPLEX__ 1
#define __FLT64_EPSILON__ 2.22044604925031308084726333618164062e-16F64
#define __gnu_linux__ 1
#define __FLT128_IS_IEC_60559__ 2
#define __FLT64X_MIN_10_EXP__ (-4931)
#define __LDBL_HAS_QUIET_NAN__ 1
#define __FLT16_MIN_EXP__ (-13)
#define __FLT64_MANT_DIG__ 53
#define __FLT64X_MANT_DIG__ 64
#define __GNUC__ 12
#define __pie__ 2
#define __MMX__ 1
#define __FLT_HAS_DENORM__ 1
#define __SIZEOF_LONG_DOUBLE__ 16
#define __BIGGEST_ALIGNMENT__ 16
#define __FLT64_MAX_10_EXP__ 308
#define __FLT16_MAX_10_EXP__ 4
#define __DBL_MAX__ ((double)1.79769313486231570814527423731704357e+308L)
#define __INT_FAST32_MAX__ 0x7fffffffffffffffL
#define __DBL_HAS_INFINITY__ 1
#define __SIZEOF_FLOAT__ 4
#define __HAVE_SPECULATION_SAFE_VALUE 1
#define __DEC32_MIN_EXP__ (-94)
#define __INTPTR_WIDTH__ 64
#define __FLT64X_HAS_INFINITY__ 1
#define __UINT_LEAST32_MAX__ 0xffffffffU
#define __FLT32X_HAS_DENORM__ 1
#define __INT_FAST16_TYPE__ long int
#define __MMX_WITH_SSE__ 1
#define __LDBL_HAS_DENORM__ 1
#define __SEG_GS 1
#define __FLT128_HAS_INFINITY__ 1
#define __DEC32_MIN__ 1E-95DF
#define __DBL_MAX_EXP__ 1024
#define __WCHAR_WIDTH__ 32
#define __FLT32_MAX__ 3.40282346638528859811704183484516925e+38F32
#define __DEC128_EPSILON__ 1E-33DL
#define __FLT16_DECIMAL_DIG__ 5
#define __SSE2_MATH__ 1
#define __ATOMIC_HLE_RELEASE 131072
#define __PTRDIFF_MAX__ 0x7fffffffffffffffL
#define __amd64 1
#define __ATOMIC_HLE_ACQUIRE 65536
#define __LONG_LONG_MAX__ 0x7fffffffffffffffLL
#define __SIZEOF_SIZE_T__ 8
#define __FLT64X_MIN_EXP__ (-16381)
#define __SIZEOF_WINT_T__ 4
#define __LONG_LONG_WIDTH__ 64
#define __FLT32_MAX_EXP__ 128
#define __GXX_ABI_VERSION 1017
#define __FLT_MIN_EXP__ (-125)
#define __GCC_HAVE_DWARF2_CFI_ASM 1
#define __INT16_MAX__ 0x7fff
#define __x86_64 1
#define __INT_FAST64_TYPE__ long int
#define __FLT64_DENORM_MIN__ 4.94065645841246544176568792868221372e-324F64
#define __DBL_MIN__ ((double)2.22507385850720138309023271733240406e-308L)
#define __FLT16_DENORM_MIN__ 5.96046447753906250000000000000000000e-8F16
#define __FLT128_EPSILON__ 1.92592994438723585305597794258492732e-34F128
#define __FLT64X_NORM_MAX__ 1.18973149535723176502126385303097021e+4932F64x
#define __SIZEOF_POINTER__ 8
#define __LP64__ 1
#define __DBL_HAS_QUIET_NAN__ 1
#define __FLT32X_EPSILON__ 2.22044604925031308084726333618164062e-16F32x
#define __DECIMAL_BID_FORMAT__ 1
#define __FLT64_MIN_EXP__ (-1021)
#define __FLT64_MIN_10_EXP__ (-307)
#define __FLT16_MIN_10_EXP__ (-4)
#define __FLT64X_DECIMAL_DIG__ 21
#define __DEC128_MIN__ 1E-6143DL
#define __REGISTER_PREFIX__ 
#define __UINT16_MAX__ 0xffff
#define __DBL_HAS_DENORM__ 1
#define __LDBL_HAS_INFINITY__ 1
#define __FLT32_MIN__ 1.17549435082228750796873653722224568e-38F32
#define __UINT8_TYPE__ unsigned char
#define __FLT_DIG__ 6
#define __NO_INLINE__ 1
#define __DEC_EVAL_METHOD__ 2
#define __DEC128_MAX__ 9.999999999999999999999999999999999E6144DL
#define __FLT_MANT_DIG__ 24
#define __LDBL_DECIMAL_DIG__ 21
#define __VERSION__ "12.2.0"
#define __UINT64_C(c) c ## UL
#define _STDC_PREDEF_H 1
#define __INT_LEAST32_MAX__ 0x7fffffff
#define __GCC_ATOMIC_INT_LOCK_FREE 2
#define __FLT128_MAX_EXP__ 16384
#define __FLT32_MANT_DIG__ 24
#define __FLOAT_WORD_ORDER__ __ORDER_LITTLE_ENDIAN__
#define __FLT32X_MIN_EXP__ (-1021)
#define __STDC_IEC_60559_COMPLEX__ 201404L
#define __FLT128_HAS_DENORM__ 1
#define __FLT32_DECIMAL_DIG__ 9
#define __FLT128_DIG__ 33
#define __INT32_C(c) c
#define __DEC64_EPSILON__ 1E-15DD
#define __ORDER_PDP_ENDIAN__ 3412
#define __DEC128_MIN_EXP__ (-6142)
#define __INT_FAST32_TYPE__ long int
#define __UINT_LEAST16_TYPE__ short unsigned int
#define unix 1
#define __SIZE_TYPE__ long unsigned int
#define __UINT64_MAX__ 0xffffffffffffffffUL
#define __FLT_IS_IEC_60559__ 2
#define __GNUC_WIDE_EXECUTION_CHARSET_NAME "UTF-32LE"
#define __FLT64X_DIG__ 18
#define __INT8_TYPE__ signed char
#define __ELF__ 1
#define __GCC_ASM_FLAG_OUTPUTS__ 1
#define __UINT32_TYPE__ unsigned int
#define __FLT_RADIX__ 2
#define __INT_LEAST16_TYPE__ short int
#define __LDBL_EPSILON__ 1.08420217248550443400745280086994171e-19L
#define __UINTMAX_C(c) c ## UL
#define __SSE_MATH__ 1
#define __k8 1
#define __FLT32X_MIN__ 2.22507385850720138309023271733240406e-308F32x
#define __SIG_ATOMIC_MAX__ 0x7fffffff
#define __GCC_ATOMIC_WCHAR_T_LOCK_FREE 2
#define __USER_LABEL_PREFIX__ 
#define __STDC_IEC_60559_BFP__ 201404L
#define __SIZEOF_PTRDIFF_T__ 8
#define __LDBL_DIG__ 18
#define __FLT64_IS_IEC_60559__ 2
#define __x86_64__ 1
#define __FLT16_IS_IEC_60559__ 2
#define __FLT16_MAX_EXP__ 16
#define __DEC32_SUBNORMAL_MIN__ 0.000001E-95DF
#define __INT_FAST16_MAX__ 0x7fffffffffffffffL
#define __GCC_CONSTRUCTIVE_SIZE 64
#define __FLT64_DIG__ 15
#define __UINT_FAST32_MAX__ 0xffffffffffffffffUL
#define __UINT_LEAST64_TYPE__ long unsigned int
#define __FLT16_EPSILON__ 9.76562500000000000000000000000000000e-4F16
#define __FLT_HAS_QUIET_NAN__ 1
#define __FLT_MAX_10_EXP__ 38
#define __LONG_MAX__ 0x7fffffffffffffffL
#define __FLT64X_HAS_DENORM__ 1
#define __DEC128_SUBNORMAL_MIN__ 0.000000000000000000000000000000001E-6143DL
#define __FLT_HAS_INFINITY__ 1
#define __GNUC_EXECUTION_CHARSET_NAME "UTF-8"
#define __UINT_FAST16_TYPE__ long unsigned int
#define __DEC64_MAX__ 9.999999999999999E384DD
#define __INT_FAST32_WIDTH__ 64
#define __CHAR16_TYPE__ short unsigned int
#define __PRAGMA_REDEFINE_EXTNAME 1
#define __SIZE_WIDTH__ 64
#define __SEG_FS 1
#define __INT_LEAST16_MAX__ 0x7fff
#define __FLT16_NORM_MAX__ 6.55040000000000000000000000000000000e+4F16
#define __DEC64_MANT_DIG__ 16
#define __INT64_MAX__ 0x7fffffffffffffffL
#define __FLT32_DENORM_MIN__ 1.40129846432481707092372958328991613e-45F32
#define __SIG_ATOMIC_WIDTH__ 32
#define __INT_LEAST64_TYPE__ long int
#define __INT16_TYPE__ short int
#define __INT_LEAST8_TYPE__ signed char
#define __FLT16_MAX__ 6.55040000000000000000000000000000000e+4F16
#define __STDC_VERSION__ 201710L
#define __SIZEOF_INT__ 4
#define __DEC32_MAX_EXP__ 97
#define __INT_FAST8_MAX__ 0x7f
#define __FLT128_MAX__ 1.18973149535723176508575932662800702e+4932F128
#define __INTPTR_MAX__ 0x7fffffffffffffffL
#define linux 1
#define __FLT64_HAS_QUIET_NAN__ 1
#define __FLT32_MIN_10_EXP__ (-37)
#define __FLT32X_DIG__ 15
#define __PTRDIFF_WIDTH__ 64
#define __LDBL_MANT_DIG__ 64
#define __FLT64_HAS_INFINITY__ 1
#define __FLT64X_MAX__ 1.18973149535723176502126385303097021e+4932F64x
#define __FLT16_HAS_INFINITY__ 1
#define __SIG_ATOMIC_MIN__ (-__SIG_ATOMIC_MAX__ - 1)
#define __code_model_small__ 1
#define __GCC_ATOMIC_LONG_LOCK_FREE 2
#define __DEC32_MANT_DIG__ 7
#define __FLT16_MANT_DIG__ 11
#define __k8__ 1
#define __INTPTR_TYPE__ long int
#define __UINT16_TYPE__ short unsigned int
#define __WCHAR_TYPE__ int
#define __pic__ 2
#define __UINTPTR_MAX__ 0xffffffffffffffffUL
#define __INT_FAST64_WIDTH__ 64
#define __INT_FAST64_MAX__ 0x7fffffffffffffffL
#define __GCC_ATOMIC_TEST_AND_SET_TRUEVAL 1
#define __FLT_NORM_MAX__ 3.40282346638528859811704183484516925e+38F
#define __FLT32_HAS_INFINITY__ 1
#define __FLT64X_MAX_EXP__ 16384
#define __UINT_FAST64_TYPE__ long unsigned int
#define __INT_MAX__ 0x7fffffff
#define __linux__ 1
#define __INT64_TYPE__ long int
#define __FLT_MAX_EXP__ 128
#define __ORDER_BIG_ENDIAN__ 4321
#define __DBL_MANT_DIG__ 53
#define __SIZEOF_FLOAT128__ 16
#define __INT_LEAST64_MAX__ 0x7fffffffffffffffL
#define __GCC_ATOMIC_CHAR16_T_LOCK_FREE 2
#define __DEC64_MIN__ 1E-383DD
#define __WINT_TYPE__ unsigned int
#define __UINT_LEAST32_TYPE__ unsigned int
#define __SIZEOF_SHORT__ 2
#define __FLT32_NORM_MAX__ 3.40282346638528859811704183484516925e+38F32
#define __SSE__ 1
#define __LDBL_MIN_EXP__ (-16381)
#define __FLT64_MAX__ 1.79769313486231570814527423731704357e+308F64
#define __amd64__ 1
#define __WINT_WIDTH__ 32
#define __INT_LEAST8_MAX__ 0x7f
#define __INT_LEAST64_WIDTH__ 64
#define __LDBL_MAX_EXP__ 16384
#define __FLT32X_MAX_10_EXP__ 308
#define __SIZEOF_INT128__ 16
#define __FLT16_MIN__ 6.10351562500000000000000000000000000e-5F16
#define __FLT64X_IS_IEC_60559__ 2
#define __LDBL_MAX_10_EXP__ 4932
#define __ATOMIC_RELAXED 0
#define __DBL_EPSILON__ ((double)2.22044604925031308084726333618164062e-16L)
#define __FLT128_MIN__ 3.36210314311209350626267781732175260e-4932F128
#define _LP64 1
#define __UINT8_C(c) c
#define __FLT64_MAX_EXP__ 1024
#define __INT_LEAST32_TYPE__ int
#define __SIZEOF_WCHAR_T__ 4
#define __UINT64_TYPE__ long unsigned int
#define __GNUC_PATCHLEVEL__ 0
#define __FLT128_NORM_MAX__ 1.18973149535723176508575932662800702e+4932F128
#define __FLT64_NORM_MAX__ 1.79769313486231570814527423731704357e+308F64
#define __FLT128_HAS_QUIET_NAN__ 1
#define __INTMAX_MAX__ 0x7fffffffffffffffL
#define __INT_FAST8_TYPE__ signed char
#define __FLT64X_MIN__ 3.36210314311209350626267781732175260e-4932F64x
#define __GNUC_STDC_INLINE__ 1
#define __FLT64_HAS_DENORM__ 1
#define __FLT32_EPSILON__ 1.19209289550781250000000000000000000e-7F32
#define __FLT16_HAS_DENORM__ 1
#define __DBL_DECIMAL_DIG__ 17
#define __STDC_UTF_32__ 1
#define __INT_FAST8_WIDTH__ 8
#define __FXSR__ 1
#define __FLT32X_MAX__ 1.79769313486231570814527423731704357e+308F32x
#define __DBL_NORM_MAX__ ((double)1.79769313486231570814527423731704357e+308L)
#define __BYTE_ORDER__ __ORDER_LITTLE_ENDIAN__
#define __GCC_DESTRUCTIVE_SIZE 64
#define __INTMAX_WIDTH__ 64
#define __UINT32_C(c) c ## U
#define __FLT_DENORM_MIN__ 1.40129846432481707092372958328991613e-45F
#define __INT8_MAX__ 0x7f
#define __LONG_WIDTH__ 64
#define __PIC__ 2
#define __UINT_FAST32_TYPE__ long unsigned int
#define __FLT32X_NORM_MAX__ 1.79769313486231570814527423731704357e+308F32x
#define __CHAR32_TYPE__ unsigned int
#define __FLT_MAX__ 3.40282346638528859811704183484516925e+38F
#define __SSE2__ 1
#define __INT32_TYPE__ int
#define __SIZEOF_DOUBLE__ 8
#define __FLT_MIN_10_EXP__ (-37)
#define __FLT64_MIN__ 2.22507385850720138309023271733240406e-308F64
#define __INT_LEAST32_WIDTH__ 32
#define __INTMAX_TYPE__ long int
#define __DEC128_MAX_EXP__ 6145
#define __FLT32X_HAS_QUIET_NAN__ 1
#define __ATOMIC_CONSUME 1
#define __GNUC_MINOR__ 2
#define __INT_FAST16_WIDTH__ 64
#define __UINTMAX_MAX__ 0xffffffffffffffffUL
#define __PIE__ 2
#define __FLT32X_DENORM_MIN__ 4.94065645841246544176568792868221372e-324F32x
#define __DBL_MAX_10_EXP__ 308
#define __LDBL_DENORM_MIN__ 3.64519953188247460252840593361941982e-4951L
#define __INT16_C(c) c
#define __STDC__ 1
#define __PTRDIFF_TYPE__ long int
#define __ATOMIC_SEQ_CST 5
#define __FLT32X_MIN_10_EXP__ (-307)
#define __UINTPTR_TYPE__ long unsigned int
#define __DEC64_SUBNORMAL_MIN__ 0.000000000000001E-383DD
#define __DEC128_MANT_DIG__ 34
#define __LDBL_MIN_10_EXP__ (-4931)
#define __SIZEOF_LONG_LONG__ 8
#define __FLT128_DECIMAL_DIG__ 36
#define __GCC_ATOMIC_LLONG_LOCK_FREE 2
#define __FLT32_HAS_QUIET_NAN__ 1
#define __FLT_DECIMAL_DIG__ 9
#define __UINT_FAST16_MAX__ 0xffffffffffffffffUL
#define __LDBL_NORM_MAX__ 1.18973149535723176502126385303097021e+4932L
#define __GCC_ATOMIC_SHORT_LOCK_FREE 2
#define __UINT_FAST8_TYPE__ unsigned char
#define __ATOMIC_ACQ_REL 4
#define __ATOMIC_RELEASE 3

find program=['ar'] paths=['/usr/local/sbin', '/usr/local/bin', '/usr/sbin', '/usr/bin', '/sbin', '/bin'] var='AR' -> ['/usr/bin/ar']
/usr/bin/g++
-------------------------------------------------------
Target OS
linux
-------------------------------------------------------
Target CPU
x86_64
-------------------------------------------------------
Target binfmt
elf
-------------------------------------------------------
Checking for c flags '-MMD'
==>
int main() { return 0; }
<==
[1/1] Compiling build/.conf_check_7e5e066b870d33095ae32a661c536308/test.c

['/usr/bin/gcc', '-MMD', '../test.c', '-c', '-o/workspace/build/.conf_check_7e5e066b870d33095ae32a661c536308/testbuild/test.c.1.o']
yes
-------------------------------------------------------
Checking for cxx flags '-MMD'
==>
int main() { return 0; }
<==
[1/1] Compiling build/.conf_check_eafbc34d6c531298691a38d32d089715/test.cpp

['/usr/bin/g++', '-MMD', '../test.cpp', '-c', '-o/workspace/build/.conf_check_eafbc34d6c531298691a38d32d089715/testbuild/test.cpp.1.o']
yes
-------------------------------------------------------
Checking for program 'git'
/usr/bin/git
find program=['git'] paths=['/usr/local/sbin', '/usr/local/bin', '/usr/sbin', '/usr/bin', '/sbin', '/bin'] var='GIT' -> ['/usr/bin/git']
-------------------------------------------------------
Checking git hash
['/usr/bin/git', 'describe', '--dirty', '--always']
out: 5aa78bb-dirty

5aa78bb-dirty
-------------------------------------------------------
Checking for program 'strip'
/usr/bin/strip
find program=['strip'] paths=['/usr/local/sbin', '/usr/local/bin', '/usr/sbin', '/usr/bin', '/sbin', '/bin'] var='STRIP' -> ['/usr/bin/strip']
-------------------------------------------------------
Checking for program 'objcopy'
/usr/bin/objcopy
find program=['objcopy'] paths=['/usr/local/sbin', '/usr/local/bin', '/usr/sbin', '/usr/bin', '/sbin', '/bin'] var='OBJCOPY' -> ['/usr/bin/objcopy']
-------------------------------------------------------
Testing 32bit support
==>

#define TEST(a) (sizeof(void*) == a ? 1 : -1) 
int g_Test[TEST(4)];

int main () { return 0; }

<==
[1/2] Compiling build/.conf_check_102476f02680faa91175c68c67422153/test.cpp

['/usr/bin/g++', '-MMD', '../test.cpp', '-c', '-o/workspace/build/.conf_check_102476f02680faa91175c68c67422153/testbuild/test.cpp.1.o']
err: ../test.cpp:3:19: error: narrowing conversion of ‘-1’ from ‘int’ to ‘long unsigned int’ [-Wnarrowing]
    3 | int g_Test[TEST(4)];
      |                   ^
../test.cpp:2:37: error: size ‘-1’ of array ‘g_Test’ is negative
    2 | #define TEST(a) (sizeof(void*) == a ? 1 : -1)
      |                 ~~~~~~~~~~~~~~~~~~~~^~~~~~~~~
../test.cpp:3:12: note: in expansion of macro ‘TEST’
    3 | int g_Test[TEST(4)];
      |            ^~~~

from /workspace: Test does not build: Traceback (most recent call last):
  File "/workspace/.waf3-2.0.26-84a26fddc7f40e4e4f00569f36be455a/waflib/Configure.py", line 606, in run_build
    bld.compile()
  File "/workspace/.waf3-2.0.26-84a26fddc7f40e4e4f00569f36be455a/waflib/Build.py", line 359, in compile
    raise Errors.BuildError(self.producer.error)
waflib.Errors.BuildError: Build failed
 -> task in 'testprog' failed with exit status 1 (run with -v to display more information)

no
from /workspace: The configuration failed
-------------------------------------------------------
Testing 64bit support
==>

#define TEST(a) (sizeof(void*) == a ? 1 : -1) 
int g_Test[TEST(8)];

int main () { return 0; }

<==
[1/2] Compiling build/.conf_check_f37798f9580b52a01b3bbbb01a032773/test.cpp

['/usr/bin/g++', '-MMD', '../test.cpp', '-c', '-o/workspace/build/.conf_check_f37798f9580b52a01b3bbbb01a032773/testbuild/test.cpp.1.o']
[2/2] Linking build/.conf_check_f37798f9580b52a01b3bbbb01a032773/testbuild/testprog

['/usr/bin/g++', 'test.cpp.1.o', '-o/workspace/build/.conf_check_f37798f9580b52a01b3bbbb01a032773/testbuild/testprog', '-Wl,-Bstatic', '-Wl,-Bdynamic']
yes
-------------------------------------------------------
Checking for required C flags
==>

int main(int argc, char **argv) {
	(void)argc; (void)argv;
	return 0;
}

<==
[1/2] Compiling build/.conf_check_a87b45357a24e6ba60d2044f7f4019e5/test.c

['/usr/bin/gcc', '-MMD', '-U_FORTIFY_SOURCE', '-fno-strict-aliasing', '-fvisibility=hidden', '-g', '-O0', '-pipe', '-fPIC', '-L/workspace/lib/linux/x86_64/', '-pthread', '-march=core2', '-mfpmath=sse', '-DDX_TO_GL_ABSTRACTION', '-DGL_GLEXT_PROTOTYPES', '-DUSE_SDL=1', '-DPLATFORM_64BITS=1', '-D_GLIBCXX_USE_CXX11_ABI=0', '-DLINUX=1', '-D_LINUX=1', '-DPOSIX=1', '-D_POSIX=1', '-DPLATFORM_POSIX=1', '-DGNUC', '-DNO_HOOK_MALLOC', '-D_DLL_EXT=.so', '-DNO_MEMOVERRIDE_NEW_DELETE=1', '-DNDEBUG', '-DGIT_COMMIT_HASH="5aa78bb-dirty"', '-DCOMPILER_GCC=1', '../test.c', '-c', '-o/workspace/build/.conf_check_a87b45357a24e6ba60d2044f7f4019e5/testbuild/test.c.1.o']
[2/2] Linking build/.conf_check_a87b45357a24e6ba60d2044f7f4019e5/testbuild/testprog

['/usr/bin/gcc', '-Wl,--no-undefined', '-pipe', '-fPIC', '-L/workspace/lib/linux/x86_64/', '-pthread', '-march=core2', '-mfpmath=sse', 'test.c.1.o', '-o/workspace/build/.conf_check_a87b45357a24e6ba60d2044f7f4019e5/testbuild/testprog', '-Wl,-Bstatic', '-Wl,-Bdynamic']
yes
-------------------------------------------------------
Checking for required C++ flags
==>

int main(int argc, char **argv) {
	(void)argc; (void)argv;
	return 0;
}

<==
[1/2] Compiling build/.conf_check_3237a9769f427017eaa30ec70161dae3/test.cpp

['/usr/bin/g++', '-MMD', '-U_FORTIFY_SOURCE', '-fno-strict-aliasing', '-fvisibility=hidden', '-g', '-O0', '-pipe', '-fPIC', '-L/workspace/lib/linux/x86_64/', '-pthread', '-march=core2', '-mfpmath=sse', '-std=c++11', '-fpermissive', '-DDX_TO_GL_ABSTRACTION', '-DGL_GLEXT_PROTOTYPES', '-DUSE_SDL=1', '-DPLATFORM_64BITS=1', '-D_GLIBCXX_USE_CXX11_ABI=0', '-DLINUX=1', '-D_LINUX=1', '-DPOSIX=1', '-D_POSIX=1', '-DPLATFORM_POSIX=1', '-DGNUC', '-DNO_HOOK_MALLOC', '-D_DLL_EXT=.so', '-DNO_MEMOVERRIDE_NEW_DELETE=1', '-DNDEBUG', '-DGIT_COMMIT_HASH="5aa78bb-dirty"', '-DCOMPILER_GCC=1', '../test.cpp', '-c', '-o/workspace/build/.conf_check_3237a9769f427017eaa30ec70161dae3/testbuild/test.cpp.1.o']
[2/2] Linking build/.conf_check_3237a9769f427017eaa30ec70161dae3/testbuild/testprog

['/usr/bin/g++', '-Wl,--no-undefined', '-pipe', '-fPIC', '-L/workspace/lib/linux/x86_64/', '-pthread', '-march=core2', '-mfpmath=sse', 'test.cpp.1.o', '-o/workspace/build/.conf_check_3237a9769f427017eaa30ec70161dae3/testbuild/testprog', '-Wl,-Bstatic', '-Wl,-Bdynamic']
yes
-------------------------------------------------------
Checking supported flags for g++ in parallel
started
-------------------------------------------------------
... -Wno-reorder
yes
-------------------------------------------------------
... -Wall
yes
-------------------------------------------------------
... -Wno-unused-but-set-variable
yes
-------------------------------------------------------
... -Winit-self
yes
-------------------------------------------------------
... -Wno-unknown-pragmas
yes
-------------------------------------------------------
... -faligned-new
yes
-------------------------------------------------------
... -Wno-unused-value
yes
-------------------------------------------------------
... -Wno-unused-function
yes
-------------------------------------------------------
... -fdiagnostics-color=always
yes
-------------------------------------------------------
... -Wuninitialized
yes
-------------------------------------------------------
... -Wcast-align
yes
-------------------------------------------------------
... -Wno-unused-variable
yes
-------------------------------------------------------
... -Wstrict-aliasing
yes
==>

int main(int argc, char **argv) {
	(void)argc; (void)argv;
	return 0;
}

<==
[1/1] Compiling build/.conf_check_a63f10a0564467c005d80d45dcbb8b75/test.cpp

['/usr/bin/g++', '-MMD', '-U_FORTIFY_SOURCE', '-fno-strict-aliasing', '-fvisibility=hidden', '-g', '-O0', '-pipe', '-fPIC', '-L/workspace/lib/linux/x86_64/', '-pthread', '-march=core2', '-mfpmath=sse', '-std=c++11', '-fpermissive', '-Wall', '-fno-strict-aliasing', '-fvisibility=hidden', '-g', '-O0', '-pipe', '-fPIC', '-L/workspace/lib/linux/x86_64/', '-pthread', '-march=core2', '-mfpmath=sse', '-Werror', '-DDX_TO_GL_ABSTRACTION', '-DGL_GLEXT_PROTOTYPES', '-DUSE_SDL=1', '-DPLATFORM_64BITS=1', '-D_GLIBCXX_USE_CXX11_ABI=0', '-DLINUX=1', '-D_LINUX=1', '-DPOSIX=1', '-D_POSIX=1', '-DPLATFORM_POSIX=1', '-DGNUC', '-DNO_HOOK_MALLOC', '-D_DLL_EXT=.so', '-DNO_MEMOVERRIDE_NEW_DELETE=1', '-DNDEBUG', '-DGIT_COMMIT_HASH="5aa78bb-dirty"', '-DCOMPILER_GCC=1', '../test.cpp', '-c', '-o/workspace/build/.conf_check_a63f10a0564467c005d80d45dcbb8b75/testbuild/test.cpp.1.o']
==>

int main(int argc, char **argv) {
	(void)argc; (void)argv;
	return 0;
}

<==
[1/1] Compiling build/.conf_check_01c2e0614feca1be7a92690e7dc17963/test.cpp

['/usr/bin/g++', '-MMD', '-U_FORTIFY_SOURCE', '-fno-strict-aliasing', '-fvisibility=hidden', '-g', '-O0', '-pipe', '-fPIC', '-L/workspace/lib/linux/x86_64/', '-pthread', '-march=core2', '-mfpmath=sse', '-std=c++11', '-fpermissive', '-fdiagnostics-color=always', '-fno-strict-aliasing', '-fvisibility=hidden', '-g', '-O0', '-pipe', '-fPIC', '-L/workspace/lib/linux/x86_64/', '-pthread', '-march=core2', '-mfpmath=sse', '-Werror', '-DDX_TO_GL_ABSTRACTION', '-DGL_GLEXT_PROTOTYPES', '-DUSE_SDL=1', '-DPLATFORM_64BITS=1', '-D_GLIBCXX_USE_CXX11_ABI=0', '-DLINUX=1', '-D_LINUX=1', '-DPOSIX=1', '-D_POSIX=1', '-DPLATFORM_POSIX=1', '-DGNUC', '-DNO_HOOK_MALLOC', '-D_DLL_EXT=.so', '-DNO_MEMOVERRIDE_NEW_DELETE=1', '-DNDEBUG', '-DGIT_COMMIT_HASH="5aa78bb-dirty"', '-DCOMPILER_GCC=1', '-D_WNO_REORDER=1', '-D_WALL=1', '-D_WNO_UNUSED_BUT_SET_VARIABLE=1', '-D_WINIT_SELF=1', '-D_WNO_UNKNOWN_PRAGMAS=1', '-D_FALIGNED_NEW=1', '-D_WNO_UNUSED_VALUE=1', '../test.cpp', '-c', '-o/workspace/build/.conf_check_01c2e0614feca1be7a92690e7dc17963/testbuild/test.cpp.1.o']
==>

int main(int argc, char **argv) {
	(void)argc; (void)argv;
	return 0;
}

<==
[1/1] Compiling build/.conf_check_8c4f60bca3f1905a6cd67730a2c2a0a4/test.cpp

['/usr/bin/g++', '-MMD', '-U_FORTIFY_SOURCE', '-fno-strict-aliasing', '-fvisibility=hidden', '-g', '-O0', '-pipe', '-fPIC', '-L/workspace/lib/linux/x86_64/', '-pthread', '-march=core2', '-mfpmath=sse', '-std=c++11', '-fpermissive', '-Wcast-align', '-fno-strict-aliasing', '-fvisibility=hidden', '-g', '-O0', '-pipe', '-fPIC', '-L/workspace/lib/linux/x86_64/', '-pthread', '-march=core2', '-mfpmath=sse', '-Werror', '-DDX_TO_GL_ABSTRACTION', '-DGL_GLEXT_PROTOTYPES', '-DUSE_SDL=1', '-DPLATFORM_64BITS=1', '-D_GLIBCXX_USE_CXX11_ABI=0', '-DLINUX=1', '-D_LINUX=1', '-DPOSIX=1', '-D_POSIX=1', '-DPLATFORM_POSIX=1', '-DGNUC', '-DNO_HOOK_MALLOC', '-D_DLL_EXT=.so', '-DNO_MEMOVERRIDE_NEW_DELETE=1', '-DNDEBUG', '-DGIT_COMMIT_HASH="5aa78bb-dirty"', '-DCOMPILER_GCC=1', '-D_WNO_REORDER=1', '-D_WALL=1', '-D_WNO_UNUSED_BUT_SET_VARIABLE=1', '-D_WINIT_SELF=1', '-D_WNO_UNKNOWN_PRAGMAS=1', '-D_FALIGNED_NEW=1', '-D_WNO_UNUSED_VALUE=1', '-D_WNO_UNUSED_FUNCTION=1', '-D_FDIAGNOSTICS_COLOR_ALWAYS=1', '-D_WUNINITIALIZED=1', '../test.cpp', '-c', '-o/workspace/build/.conf_check_8c4f60bca3f1905a6cd67730a2c2a0a4/testbuild/test.cpp.1.o']
==>

int main(int argc, char **argv) {
	(void)argc; (void)argv;
	return 0;
}

<==
[1/1] Compiling build/.conf_check_83bf7f16818703e64ea15100539e5e8f/test.cpp

['/usr/bin/g++', '-MMD', '-U_FORTIFY_SOURCE', '-fno-strict-aliasing', '-fvisibility=hidden', '-g', '-O0', '-pipe', '-fPIC', '-L/workspace/lib/linux/x86_64/', '-pthread', '-march=core2', '-mfpmath=sse', '-std=c++11', '-fpermissive', '-Wuninitialized', '-fno-strict-aliasing', '-fvisibility=hidden', '-g', '-O0', '-pipe', '-fPIC', '-L/workspace/lib/linux/x86_64/', '-pthread', '-march=core2', '-mfpmath=sse', '-Werror', '-DDX_TO_GL_ABSTRACTION', '-DGL_GLEXT_PROTOTYPES', '-DUSE_SDL=1', '-DPLATFORM_64BITS=1', '-D_GLIBCXX_USE_CXX11_ABI=0', '-DLINUX=1', '-D_LINUX=1', '-DPOSIX=1', '-D_POSIX=1', '-DPLATFORM_POSIX=1', '-DGNUC', '-DNO_HOOK_MALLOC', '-D_DLL_EXT=.so', '-DNO_MEMOVERRIDE_NEW_DELETE=1', '-DNDEBUG', '-DGIT_COMMIT_HASH="5aa78bb-dirty"', '-DCOMPILER_GCC=1', '-D_WNO_REORDER=1', '-D_WALL=1', '-D_WNO_UNUSED_BUT_SET_VARIABLE=1', '-D_WINIT_SELF=1', '-D_WNO_UNKNOWN_PRAGMAS=1', '-D_FALIGNED_NEW=1', '-D_WNO_UNUSED_VALUE=1', '-D_WNO_UNUSED_FUNCTION=1', '../test.cpp', '-c', '-o/workspace/build/.conf_check_83bf7f16818703e64ea15100539e5e8f/testbuild/test.cpp.1.o']
==>

int main(int argc, char **argv) {
	(void)argc; (void)argv;
	return 0;
}

<==
[1/1] Compiling build/.conf_check_5efcbbe38d7896a5baed65e64cae6398/test.cpp

['/usr/bin/g++', '-MMD', '-U_FORTIFY_SOURCE', '-fno-strict-aliasing', '-fvisibility=hidden', '-g', '-O0', '-pipe', '-fPIC', '-L/workspace/lib/linux/x86_64/', '-pthread', '-march=core2', '-mfpmath=sse', '-std=c++11', '-fpermissive', '-Winit-self', '-fno-strict-aliasing', '-fvisibility=hidden', '-g', '-O0', '-pipe', '-fPIC', '-L/workspace/lib/linux/x86_64/', '-pthread', '-march=core2', '-mfpmath=sse', '-Werror', '-DDX_TO_GL_ABSTRACTION', '-DGL_GLEXT_PROTOTYPES', '-DUSE_SDL=1', '-DPLATFORM_64BITS=1', '-D_GLIBCXX_USE_CXX11_ABI=0', '-DLINUX=1', '-D_LINUX=1', '-DPOSIX=1', '-D_POSIX=1', '-DPLATFORM_POSIX=1', '-DGNUC', '-DNO_HOOK_MALLOC', '-D_DLL_EXT=.so', '-DNO_MEMOVERRIDE_NEW_DELETE=1', '-DNDEBUG', '-DGIT_COMMIT_HASH="5aa78bb-dirty"', '-DCOMPILER_GCC=1', '-D_WNO_REORDER=1', '-D_WALL=1', '../test.cpp', '-c', '-o/workspace/build/.conf_check_5efcbbe38d7896a5baed65e64cae6398/testbuild/test.cpp.1.o']
==>

int main(int argc, char **argv) {
	(void)argc; (void)argv;
	return 0;
}

<==
[1/1] Compiling build/.conf_check_72507f17f521b7c70f31aadf39be5ac1/test.cpp

['/usr/bin/g++', '-MMD', '-U_FORTIFY_SOURCE', '-fno-strict-aliasing', '-fvisibility=hidden', '-g', '-O0', '-pipe', '-fPIC', '-L/workspace/lib/linux/x86_64/', '-pthread', '-march=core2', '-mfpmath=sse', '-std=c++11', '-fpermissive', '-Wstrict-aliasing', '-fno-strict-aliasing', '-fvisibility=hidden', '-g', '-O0', '-pipe', '-fPIC', '-L/workspace/lib/linux/x86_64/', '-pthread', '-march=core2', '-mfpmath=sse', '-Werror', '-DDX_TO_GL_ABSTRACTION', '-DGL_GLEXT_PROTOTYPES', '-DUSE_SDL=1', '-DPLATFORM_64BITS=1', '-D_GLIBCXX_USE_CXX11_ABI=0', '-DLINUX=1', '-D_LINUX=1', '-DPOSIX=1', '-D_POSIX=1', '-DPLATFORM_POSIX=1', '-DGNUC', '-DNO_HOOK_MALLOC', '-D_DLL_EXT=.so', '-DNO_MEMOVERRIDE_NEW_DELETE=1', '-DNDEBUG', '-DGIT_COMMIT_HASH="5aa78bb-dirty"', '-DCOMPILER_GCC=1', '-D_WNO_REORDER=1', '-D_WALL=1', '-D_WNO_UNUSED_BUT_SET_VARIABLE=1', '-D_WINIT_SELF=1', '-D_WNO_UNKNOWN_PRAGMAS=1', '-D_FALIGNED_NEW=1', '-D_WNO_UNUSED_VALUE=1', '-D_WNO_UNUSED_FUNCTION=1', '-D_FDIAGNOSTICS_COLOR_ALWAYS=1', '-D_WUNINITIALIZED=1', '-D_WCAST_ALIGN=1', '-D_WNO_UNUSED_VARIABLE=1', '../test.cpp', '-c', '-o/workspace/build/.conf_check_72507f17f521b7c70f31aadf39be5ac1/testbuild/test.cpp.1.o']
==>

int main(int argc, char **argv) {
	(void)argc; (void)argv;
	return 0;
}

<==
[1/1] Compiling build/.conf_check_14a7db0c509c4e5cc202e9e7e3920841/test.cpp

['/usr/bin/g++', '-MMD', '-U_FORTIFY_SOURCE', '-fno-strict-aliasing', '-fvisibility=hidden', '-g', '-O0', '-pipe', '-fPIC', '-L/workspace/lib/linux/x86_64/', '-pthread', '-march=core2', '-mfpmath=sse', '-std=c++11', '-fpermissive', '-Wno-reorder', '-fno-strict-aliasing', '-fvisibility=hidden', '-g', '-O0', '-pipe', '-fPIC', '-L/workspace/lib/linux/x86_64/', '-pthread', '-march=core2', '-mfpmath=sse', '-Werror', '-DDX_TO_GL_ABSTRACTION', '-DGL_GLEXT_PROTOTYPES', '-DUSE_SDL=1', '-DPLATFORM_64BITS=1', '-D_GLIBCXX_USE_CXX11_ABI=0', '-DLINUX=1', '-D_LINUX=1', '-DPOSIX=1', '-D_POSIX=1', '-DPLATFORM_POSIX=1', '-DGNUC', '-DNO_HOOK_MALLOC', '-D_DLL_EXT=.so', '-DNO_MEMOVERRIDE_NEW_DELETE=1', '-DNDEBUG', '-DGIT_COMMIT_HASH="5aa78bb-dirty"', '-DCOMPILER_GCC=1', '../test.cpp', '-c', '-o/workspace/build/.conf_check_14a7db0c509c4e5cc202e9e7e3920841/testbuild/test.cpp.1.o']
==>

int main(int argc, char **argv) {
	(void)argc; (void)argv;
	return 0;
}

<==
[1/1] Compiling build/.conf_check_e3cc8569372562702c6ac690aae4678e/test.cpp

['/usr/bin/g++', '-MMD', '-U_FORTIFY_SOURCE', '-fno-strict-aliasing', '-fvisibility=hidden', '-g', '-O0', '-pipe', '-fPIC', '-L/workspace/lib/linux/x86_64/', '-pthread', '-march=core2', '-mfpmath=sse', '-std=c++11', '-fpermissive', '-Wno-unknown-pragmas', '-fno-strict-aliasing', '-fvisibility=hidden', '-g', '-O0', '-pipe', '-fPIC', '-L/workspace/lib/linux/x86_64/', '-pthread', '-march=core2', '-mfpmath=sse', '-Werror', '-DDX_TO_GL_ABSTRACTION', '-DGL_GLEXT_PROTOTYPES', '-DUSE_SDL=1', '-DPLATFORM_64BITS=1', '-D_GLIBCXX_USE_CXX11_ABI=0', '-DLINUX=1', '-D_LINUX=1', '-DPOSIX=1', '-D_POSIX=1', '-DPLATFORM_POSIX=1', '-DGNUC', '-DNO_HOOK_MALLOC', '-D_DLL_EXT=.so', '-DNO_MEMOVERRIDE_NEW_DELETE=1', '-DNDEBUG', '-DGIT_COMMIT_HASH="5aa78bb-dirty"', '-DCOMPILER_GCC=1', '-D_WNO_REORDER=1', '-D_WALL=1', '-D_WNO_UNUSED_BUT_SET_VARIABLE=1', '-D_WINIT_SELF=1', '../test.cpp', '-c', '-o/workspace/build/.conf_check_e3cc8569372562702c6ac690aae4678e/testbuild/test.cpp.1.o']
==>

int main(int argc, char **argv) {
	(void)argc; (void)argv;
	return 0;
}

<==
[1/1] Compiling build/.conf_check_6e27f719f01fe9fea28fe9001f747e51/test.cpp

['/usr/bin/g++', '-MMD', '-U_FORTIFY_SOURCE', '-fno-strict-aliasing', '-fvisibility=hidden', '-g', '-O0', '-pipe', '-fPIC', '-L/workspace/lib/linux/x86_64/', '-pthread', '-march=core2', '-mfpmath=sse', '-std=c++11', '-fpermissive', '-Wno-unused-function', '-fno-strict-aliasing', '-fvisibility=hidden', '-g', '-O0', '-pipe', '-fPIC', '-L/workspace/lib/linux/x86_64/', '-pthread', '-march=core2', '-mfpmath=sse', '-Werror', '-DDX_TO_GL_ABSTRACTION', '-DGL_GLEXT_PROTOTYPES', '-DUSE_SDL=1', '-DPLATFORM_64BITS=1', '-D_GLIBCXX_USE_CXX11_ABI=0', '-DLINUX=1', '-D_LINUX=1', '-DPOSIX=1', '-D_POSIX=1', '-DPLATFORM_POSIX=1', '-DGNUC', '-DNO_HOOK_MALLOC', '-D_DLL_EXT=.so', '-DNO_MEMOVERRIDE_NEW_DELETE=1', '-DNDEBUG', '-DGIT_COMMIT_HASH="5aa78bb-dirty"', '-DCOMPILER_GCC=1', '-D_WNO_REORDER=1', '-D_WALL=1', '-D_WNO_UNUSED_BUT_SET_VARIABLE=1', '-D_WINIT_SELF=1', '-D_WNO_UNKNOWN_PRAGMAS=1', '-D_FALIGNED_NEW=1', '../test.cpp', '-c', '-o/workspace/build/.conf_check_6e27f719f01fe9fea28fe9001f747e51/testbuild/test.cpp.1.o']
==>

int main(int argc, char **argv) {
	(void)argc; (void)argv;
	return 0;
}

<==
[1/1] Compiling build/.conf_check_118e46baf0d5724edbb948c41fec82b8/test.cpp

['/usr/bin/g++', '-MMD', '-U_FORTIFY_SOURCE', '-fno-strict-aliasing', '-fvisibility=hidden', '-g', '-O0', '-pipe', '-fPIC', '-L/workspace/lib/linux/x86_64/', '-pthread', '-march=core2', '-mfpmath=sse', '-std=c++11', '-fpermissive', '-Wno-unused-but-set-variable', '-fno-strict-aliasing', '-fvisibility=hidden', '-g', '-O0', '-pipe', '-fPIC', '-L/workspace/lib/linux/x86_64/', '-pthread', '-march=core2', '-mfpmath=sse', '-Werror', '-DDX_TO_GL_ABSTRACTION', '-DGL_GLEXT_PROTOTYPES', '-DUSE_SDL=1', '-DPLATFORM_64BITS=1', '-D_GLIBCXX_USE_CXX11_ABI=0', '-DLINUX=1', '-D_LINUX=1', '-DPOSIX=1', '-D_POSIX=1', '-DPLATFORM_POSIX=1', '-DGNUC', '-DNO_HOOK_MALLOC', '-D_DLL_EXT=.so', '-DNO_MEMOVERRIDE_NEW_DELETE=1', '-DNDEBUG', '-DGIT_COMMIT_HASH="5aa78bb-dirty"', '-DCOMPILER_GCC=1', '-D_WNO_REORDER=1', '../test.cpp', '-c', '-o/workspace/build/.conf_check_118e46baf0d5724edbb948c41fec82b8/testbuild/test.cpp.1.o']
==>

int main(int argc, char **argv) {
	(void)argc; (void)argv;
	return 0;
}

<==
[1/1] Compiling build/.conf_check_41b2dc0d049d08be5d86b0c67951576d/test.cpp

['/usr/bin/g++', '-MMD', '-U_FORTIFY_SOURCE', '-fno-strict-aliasing', '-fvisibility=hidden', '-g', '-O0', '-pipe', '-fPIC', '-L/workspace/lib/linux/x86_64/', '-pthread', '-march=core2', '-mfpmath=sse', '-std=c++11', '-fpermissive', '-Wno-unused-value', '-fno-strict-aliasing', '-fvisibility=hidden', '-g', '-O0', '-pipe', '-fPIC', '-L/workspace/lib/linux/x86_64/', '-pthread', '-march=core2', '-mfpmath=sse', '-Werror', '-DDX_TO_GL_ABSTRACTION', '-DGL_GLEXT_PROTOTYPES', '-DUSE_SDL=1', '-DPLATFORM_64BITS=1', '-D_GLIBCXX_USE_CXX11_ABI=0', '-DLINUX=1', '-D_LINUX=1', '-DPOSIX=1', '-D_POSIX=1', '-DPLATFORM_POSIX=1', '-DGNUC', '-DNO_HOOK_MALLOC', '-D_DLL_EXT=.so', '-DNO_MEMOVERRIDE_NEW_DELETE=1', '-DNDEBUG', '-DGIT_COMMIT_HASH="5aa78bb-dirty"', '-DCOMPILER_GCC=1', '-D_WNO_REORDER=1', '-D_WALL=1', '-D_WNO_UNUSED_BUT_SET_VARIABLE=1', '-D_WINIT_SELF=1', '-D_WNO_UNKNOWN_PRAGMAS=1', '../test.cpp', '-c', '-o/workspace/build/.conf_check_41b2dc0d049d08be5d86b0c67951576d/testbuild/test.cpp.1.o']
==>

int main(int argc, char **argv) {
	(void)argc; (void)argv;
	return 0;
}

<==
[1/1] Compiling build/.conf_check_1f4c1ca8637f6e8525031ea70d7cfc79/test.cpp

['/usr/bin/g++', '-MMD', '-U_FORTIFY_SOURCE', '-fno-strict-aliasing', '-fvisibility=hidden', '-g', '-O0', '-pipe', '-fPIC', '-L/workspace/lib/linux/x86_64/', '-pthread', '-march=core2', '-mfpmath=sse', '-std=c++11', '-fpermissive', '-Wno-unused-variable', '-fno-strict-aliasing', '-fvisibility=hidden', '-g', '-O0', '-pipe', '-fPIC', '-L/workspace/lib/linux/x86_64/', '-pthread', '-march=core2', '-mfpmath=sse', '-Werror', '-DDX_TO_GL_ABSTRACTION', '-DGL_GLEXT_PROTOTYPES', '-DUSE_SDL=1', '-DPLATFORM_64BITS=1', '-D_GLIBCXX_USE_CXX11_ABI=0', '-DLINUX=1', '-D_LINUX=1', '-DPOSIX=1', '-D_POSIX=1', '-DPLATFORM_POSIX=1', '-DGNUC', '-DNO_HOOK_MALLOC', '-D_DLL_EXT=.so', '-DNO_MEMOVERRIDE_NEW_DELETE=1', '-DNDEBUG', '-DGIT_COMMIT_HASH="5aa78bb-dirty"', '-DCOMPILER_GCC=1', '-D_WNO_REORDER=1', '-D_WALL=1', '-D_WNO_UNUSED_BUT_SET_VARIABLE=1', '-D_WINIT_SELF=1', '-D_WNO_UNKNOWN_PRAGMAS=1', '-D_FALIGNED_NEW=1', '-D_WNO_UNUSED_VALUE=1', '-D_WNO_UNUSED_FUNCTION=1', '-D_FDIAGNOSTICS_COLOR_ALWAYS=1', '../test.cpp', '-c', '-o/workspace/build/.conf_check_1f4c1ca8637f6e8525031ea70d7cfc79/testbuild/test.cpp.1.o']
==>

int main(int argc, char **argv) {
	(void)argc; (void)argv;
	return 0;
}

<==
[1/1] Compiling build/.conf_check_20bdd34cd29730190cb31aadace49df8/test.cpp

['/usr/bin/g++', '-MMD', '-U_FORTIFY_SOURCE', '-fno-strict-aliasing', '-fvisibility=hidden', '-g', '-O0', '-pipe', '-fPIC', '-L/workspace/lib/linux/x86_64/', '-pthread', '-march=core2', '-mfpmath=sse', '-std=c++11', '-fpermissive', '-faligned-new', '-fno-strict-aliasing', '-fvisibility=hidden', '-g', '-O0', '-pipe', '-fPIC', '-L/workspace/lib/linux/x86_64/', '-pthread', '-march=core2', '-mfpmath=sse', '-Werror', '-DDX_TO_GL_ABSTRACTION', '-DGL_GLEXT_PROTOTYPES', '-DUSE_SDL=1', '-DPLATFORM_64BITS=1', '-D_GLIBCXX_USE_CXX11_ABI=0', '-DLINUX=1', '-D_LINUX=1', '-DPOSIX=1', '-D_POSIX=1', '-DPLATFORM_POSIX=1', '-DGNUC', '-DNO_HOOK_MALLOC', '-D_DLL_EXT=.so', '-DNO_MEMOVERRIDE_NEW_DELETE=1', '-DNDEBUG', '-DGIT_COMMIT_HASH="5aa78bb-dirty"', '-DCOMPILER_GCC=1', '-D_WNO_REORDER=1', '-D_WALL=1', '-D_WNO_UNUSED_BUT_SET_VARIABLE=1', '-D_WINIT_SELF=1', '../test.cpp', '-c', '-o/workspace/build/.conf_check_20bdd34cd29730190cb31aadace49df8/testbuild/test.cpp.1.o']
-------------------------------------------------------
-> processing test results
all ok
-------------------------------------------------------
Checking supported flags for gcc in parallel
started
==>

int main(int argc, char **argv) {
	(void)argc; (void)argv;
	return 0;
}

<==
[1/1] Compiling build/.conf_check_c6648ac18f86171fff31252b82292029/test.c

['/usr/bin/gcc', '-MMD', '-U_FORTIFY_SOURCE', '-fno-strict-aliasing', '-fvisibility=hidden', '-g', '-O0', '-pipe', '-fPIC', '-L/workspace/lib/linux/x86_64/', '-pthread', '-march=core2', '-mfpmath=sse', '-fnonconst-initializers', '-fno-strict-aliasing', '-fvisibility=hidden', '-g', '-O0', '-pipe', '-fPIC', '-L/workspace/lib/linux/x86_64/', '-pthread', '-march=core2', '-mfpmath=sse', '-Werror', '-DDX_TO_GL_ABSTRACTION', '-DGL_GLEXT_PROTOTYPES', '-DUSE_SDL=1', '-DPLATFORM_64BITS=1', '-D_GLIBCXX_USE_CXX11_ABI=0', '-DLINUX=1', '-D_LINUX=1', '-DPOSIX=1', '-D_POSIX=1', '-DPLATFORM_POSIX=1', '-DGNUC', '-DNO_HOOK_MALLOC', '-D_DLL_EXT=.so', '-DNO_MEMOVERRIDE_NEW_DELETE=1', '-DNDEBUG', '-DGIT_COMMIT_HASH="5aa78bb-dirty"', '-DCOMPILER_GCC=1', '../test.c', '-c', '-o/workspace/build/.conf_check_c6648ac18f86171fff31252b82292029/testbuild/test.c.1.o']
err: gcc: error: unrecognized command-line option ‘-fnonconst-initializers’

-------------------------------------------------------
... -fnonconst-initializers
no
-------------------------------------------------------
... -Wcast-align
yes
-------------------------------------------------------
... -fdiagnostics-color=always
yes
==>

int main(int argc, char **argv) {
	(void)argc; (void)argv;
	return 0;
}

<==
[1/1] Compiling build/.conf_check_270d8594111c092ca6164becf185dda4/test.c

['/usr/bin/gcc', '-MMD', '-U_FORTIFY_SOURCE', '-fno-strict-aliasing', '-fvisibility=hidden', '-g', '-O0', '-pipe', '-fPIC', '-L/workspace/lib/linux/x86_64/', '-pthread', '-march=core2', '-mfpmath=sse', '-faligned-new', '-fno-strict-aliasing', '-fvisibility=hidden', '-g', '-O0', '-pipe', '-fPIC', '-L/workspace/lib/linux/x86_64/', '-pthread', '-march=core2', '-mfpmath=sse', '-Werror', '-DDX_TO_GL_ABSTRACTION', '-DGL_GLEXT_PROTOTYPES', '-DUSE_SDL=1', '-DPLATFORM_64BITS=1', '-D_GLIBCXX_USE_CXX11_ABI=0', '-DLINUX=1', '-D_LINUX=1', '-DPOSIX=1', '-D_POSIX=1', '-DPLATFORM_POSIX=1', '-DGNUC', '-DNO_HOOK_MALLOC', '-D_DLL_EXT=.so', '-DNO_MEMOVERRIDE_NEW_DELETE=1', '-DNDEBUG', '-DGIT_COMMIT_HASH="5aa78bb-dirty"', '-DCOMPILER_GCC=1', '-D_WCAST_ALIGN=1', '-D_FDIAGNOSTICS_COLOR_ALWAYS=1', '../test.c', '-c', '-o/workspace/build/.conf_check_270d8594111c092ca6164becf185dda4/testbuild/test.c.1.o']
err: cc1: error: command-line option ‘-faligned-new=1’ is valid for C++/ObjC++ but not for C [-Werror]
cc1: all warnings being treated as errors

-------------------------------------------------------
... -faligned-new
no
-------------------------------------------------------
... -Wno-unknown-pragmas
yes
-------------------------------------------------------
... -Wuninitialized
yes
-------------------------------------------------------
... -Winit-self
yes
-------------------------------------------------------
... -Wno-unused-value
yes
-------------------------------------------------------
... -Wno-unused-function
yes
-------------------------------------------------------
... -Wno-unused-variable
yes
-------------------------------------------------------
... -Wno-unused-but-set-variable
yes
-------------------------------------------------------
... -Wstrict-aliasing
yes
==>

int main(int argc, char **argv) {
	(void)argc; (void)argv;
	return 0;
}

<==
[1/1] Compiling build/.conf_check_228197bdbc80677591730ac090c956bf/test.c

['/usr/bin/gcc', '-MMD', '-U_FORTIFY_SOURCE', '-fno-strict-aliasing', '-fvisibility=hidden', '-g', '-O0', '-pipe', '-fPIC', '-L/workspace/lib/linux/x86_64/', '-pthread', '-march=core2', '-mfpmath=sse', '-Wno-reorder', '-fno-strict-aliasing', '-fvisibility=hidden', '-g', '-O0', '-pipe', '-fPIC', '-L/workspace/lib/linux/x86_64/', '-pthread', '-march=core2', '-mfpmath=sse', '-Werror', '-DDX_TO_GL_ABSTRACTION', '-DGL_GLEXT_PROTOTYPES', '-DUSE_SDL=1', '-DPLATFORM_64BITS=1', '-D_GLIBCXX_USE_CXX11_ABI=0', '-DLINUX=1', '-D_LINUX=1', '-DPOSIX=1', '-D_POSIX=1', '-DPLATFORM_POSIX=1', '-DGNUC', '-DNO_HOOK_MALLOC', '-D_DLL_EXT=.so', '-DNO_MEMOVERRIDE_NEW_DELETE=1', '-DNDEBUG', '-DGIT_COMMIT_HASH="5aa78bb-dirty"', '-DCOMPILER_GCC=1', '-D_WCAST_ALIGN=1', '-D_FDIAGNOSTICS_COLOR_ALWAYS=1', '-D_WNO_UNKNOWN_PRAGMAS=1', '-D_WUNINITIALIZED=1', '-D_WINIT_SELF=1', '-D_WNO_UNUSED_VALUE=1', '-D_WNO_UNUSED_FUNCTION=1', '-D_WNO_UNUSED_VARIABLE=1', '-D_WNO_UNUSED_BUT_SET_VARIABLE=1', '../test.c', '-c', '-o/workspace/build/.conf_check_228197bdbc80677591730ac090c956bf/testbuild/test.c.1.o']
err: cc1: warning: command-line option ‘-Wno-reorder’ is valid for C++/ObjC++ but not for C

-------------------------------------------------------
... -Wno-reorder
yes
-------------------------------------------------------
... -Wall
yes
==>

int main(int argc, char **argv) {
	(void)argc; (void)argv;
	return 0;
}

<==
[1/1] Compiling build/.conf_check_47ff458a7e92359f898885f9b1be27e2/test.c

['/usr/bin/gcc', '-MMD', '-U_FORTIFY_SOURCE', '-fno-strict-aliasing', '-fvisibility=hidden', '-g', '-O0', '-pipe', '-fPIC', '-L/workspace/lib/linux/x86_64/', '-pthread', '-march=core2', '-mfpmath=sse', '-Wall', '-fno-strict-aliasing', '-fvisibility=hidden', '-g', '-O0', '-pipe', '-fPIC', '-L/workspace/lib/linux/x86_64/', '-pthread', '-march=core2', '-mfpmath=sse', '-Werror', '-DDX_TO_GL_ABSTRACTION', '-DGL_GLEXT_PROTOTYPES', '-DUSE_SDL=1', '-DPLATFORM_64BITS=1', '-D_GLIBCXX_USE_CXX11_ABI=0', '-DLINUX=1', '-D_LINUX=1', '-DPOSIX=1', '-D_POSIX=1', '-DPLATFORM_POSIX=1', '-DGNUC', '-DNO_HOOK_MALLOC', '-D_DLL_EXT=.so', '-DNO_MEMOVERRIDE_NEW_DELETE=1', '-DNDEBUG', '-DGIT_COMMIT_HASH="5aa78bb-dirty"', '-DCOMPILER_GCC=1', '-D_WCAST_ALIGN=1', '-D_FDIAGNOSTICS_COLOR_ALWAYS=1', '-D_WNO_UNKNOWN_PRAGMAS=1', '-D_WUNINITIALIZED=1', '-D_WINIT_SELF=1', '-D_WNO_UNUSED_VALUE=1', '-D_WNO_UNUSED_FUNCTION=1', '-D_WNO_UNUSED_VARIABLE=1', '-D_WNO_UNUSED_BUT_SET_VARIABLE=1', '-D_WSTRICT_ALIASING=1', '../test.c', '-c', '-o/workspace/build/.conf_check_47ff458a7e92359f898885f9b1be27e2/testbuild/test.c.1.o']
==>

int main(int argc, char **argv) {
	(void)argc; (void)argv;
	return 0;
}

<==
[1/1] Compiling build/.conf_check_81ab1fb04b52dd922666bfa21a5c52e0/test.c

['/usr/bin/gcc', '-MMD', '-U_FORTIFY_SOURCE', '-fno-strict-aliasing', '-fvisibility=hidden', '-g', '-O0', '-pipe', '-fPIC', '-L/workspace/lib/linux/x86_64/', '-pthread', '-march=core2', '-mfpmath=sse', '-fdiagnostics-color=always', '-fno-strict-aliasing', '-fvisibility=hidden', '-g', '-O0', '-pipe', '-fPIC', '-L/workspace/lib/linux/x86_64/', '-pthread', '-march=core2', '-mfpmath=sse', '-Werror', '-DDX_TO_GL_ABSTRACTION', '-DGL_GLEXT_PROTOTYPES', '-DUSE_SDL=1', '-DPLATFORM_64BITS=1', '-D_GLIBCXX_USE_CXX11_ABI=0', '-DLINUX=1', '-D_LINUX=1', '-DPOSIX=1', '-D_POSIX=1', '-DPLATFORM_POSIX=1', '-DGNUC', '-DNO_HOOK_MALLOC', '-D_DLL_EXT=.so', '-DNO_MEMOVERRIDE_NEW_DELETE=1', '-DNDEBUG', '-DGIT_COMMIT_HASH="5aa78bb-dirty"', '-DCOMPILER_GCC=1', '../test.c', '-c', '-o/workspace/build/.conf_check_81ab1fb04b52dd922666bfa21a5c52e0/testbuild/test.c.1.o']
==>

int main(int argc, char **argv) {
	(void)argc; (void)argv;
	return 0;
}

<==
[1/1] Compiling build/.conf_check_2a37ceb06b615b6f9b607ca0a753c799/test.c

['/usr/bin/gcc', '-MMD', '-U_FORTIFY_SOURCE', '-fno-strict-aliasing', '-fvisibility=hidden', '-g', '-O0', '-pipe', '-fPIC', '-L/workspace/lib/linux/x86_64/', '-pthread', '-march=core2', '-mfpmath=sse', '-Wcast-align', '-fno-strict-aliasing', '-fvisibility=hidden', '-g', '-O0', '-pipe', '-fPIC', '-L/workspace/lib/linux/x86_64/', '-pthread', '-march=core2', '-mfpmath=sse', '-Werror', '-DDX_TO_GL_ABSTRACTION', '-DGL_GLEXT_PROTOTYPES', '-DUSE_SDL=1', '-DPLATFORM_64BITS=1', '-D_GLIBCXX_USE_CXX11_ABI=0', '-DLINUX=1', '-D_LINUX=1', '-DPOSIX=1', '-D_POSIX=1', '-DPLATFORM_POSIX=1', '-DGNUC', '-DNO_HOOK_MALLOC', '-D_DLL_EXT=.so', '-DNO_MEMOVERRIDE_NEW_DELETE=1', '-DNDEBUG', '-DGIT_COMMIT_HASH="5aa78bb-dirty"', '-DCOMPILER_GCC=1', '../test.c', '-c', '-o/workspace/build/.conf_check_2a37ceb06b615b6f9b607ca0a753c799/testbuild/test.c.1.o']
==>

int main(int argc, char **argv) {
	(void)argc; (void)argv;
	return 0;
}

<==
[1/1] Compiling build/.conf_check_e937c25021071e8df29ccd11311c514f/test.c

['/usr/bin/gcc', '-MMD', '-U_FORTIFY_SOURCE', '-fno-strict-aliasing', '-fvisibility=hidden', '-g', '-O0', '-pipe', '-fPIC', '-L/workspace/lib/linux/x86_64/', '-pthread', '-march=core2', '-mfpmath=sse', '-Wuninitialized', '-fno-strict-aliasing', '-fvisibility=hidden', '-g', '-O0', '-pipe', '-fPIC', '-L/workspace/lib/linux/x86_64/', '-pthread', '-march=core2', '-mfpmath=sse', '-Werror', '-DDX_TO_GL_ABSTRACTION', '-DGL_GLEXT_PROTOTYPES', '-DUSE_SDL=1', '-DPLATFORM_64BITS=1', '-D_GLIBCXX_USE_CXX11_ABI=0', '-DLINUX=1', '-D_LINUX=1', '-DPOSIX=1', '-D_POSIX=1', '-DPLATFORM_POSIX=1', '-DGNUC', '-DNO_HOOK_MALLOC', '-D_DLL_EXT=.so', '-DNO_MEMOVERRIDE_NEW_DELETE=1', '-DNDEBUG', '-DGIT_COMMIT_HASH="5aa78bb-dirty"', '-DCOMPILER_GCC=1', '-D_WCAST_ALIGN=1', '-D_FDIAGNOSTICS_COLOR_ALWAYS=1', '-D_WNO_UNKNOWN_PRAGMAS=1', '../test.c', '-c', '-o/workspace/build/.conf_check_e937c25021071e8df29ccd11311c514f/testbuild/test.c.1.o']
==>

int main(int argc, char **argv) {
	(void)argc; (void)argv;
	return 0;
}

<==
[1/1] Compiling build/.conf_check_5b14fa86caabeb6e2195df3635864124/test.c

['/usr/bin/gcc', '-MMD', '-U_FORTIFY_SOURCE', '-fno-strict-aliasing', '-fvisibility=hidden', '-g', '-O0', '-pipe', '-fPIC', '-L/workspace/lib/linux/x86_64/', '-pthread', '-march=core2', '-mfpmath=sse', '-Winit-self', '-fno-strict-aliasing', '-fvisibility=hidden', '-g', '-O0', '-pipe', '-fPIC', '-L/workspace/lib/linux/x86_64/', '-pthread', '-march=core2', '-mfpmath=sse', '-Werror', '-DDX_TO_GL_ABSTRACTION', '-DGL_GLEXT_PROTOTYPES', '-DUSE_SDL=1', '-DPLATFORM_64BITS=1', '-D_GLIBCXX_USE_CXX11_ABI=0', '-DLINUX=1', '-D_LINUX=1', '-DPOSIX=1', '-D_POSIX=1', '-DPLATFORM_POSIX=1', '-DGNUC', '-DNO_HOOK_MALLOC', '-D_DLL_EXT=.so', '-DNO_MEMOVERRIDE_NEW_DELETE=1', '-DNDEBUG', '-DGIT_COMMIT_HASH="5aa78bb-dirty"', '-DCOMPILER_GCC=1', '-D_WCAST_ALIGN=1', '-D_FDIAGNOSTICS_COLOR_ALWAYS=1', '-D_WNO_UNKNOWN_PRAGMAS=1', '../test.c', '-c', '-o/workspace/build/.conf_check_5b14fa86caabeb6e2195df3635864124/testbuild/test.c.1.o']
==>

int main(int argc, char **argv) {
	(void)argc; (void)argv;
	return 0;
}

<==
[1/1] Compiling build/.conf_check_8742b670a15d414060d9861fe9114825/test.c

['/usr/bin/gcc', '-MMD', '-U_FORTIFY_SOURCE', '-fno-strict-aliasing', '-fvisibility=hidden', '-g', '-O0', '-pipe', '-fPIC', '-L/workspace/lib/linux/x86_64/', '-pthread', '-march=core2', '-mfpmath=sse', '-Wstrict-aliasing', '-fno-strict-aliasing', '-fvisibility=hidden', '-g', '-O0', '-pipe', '-fPIC', '-L/workspace/lib/linux/x86_64/', '-pthread', '-march=core2', '-mfpmath=sse', '-Werror', '-DDX_TO_GL_ABSTRACTION', '-DGL_GLEXT_PROTOTYPES', '-DUSE_SDL=1', '-DPLATFORM_64BITS=1', '-D_GLIBCXX_USE_CXX11_ABI=0', '-DLINUX=1', '-D_LINUX=1', '-DPOSIX=1', '-D_POSIX=1', '-DPLATFORM_POSIX=1', '-DGNUC', '-DNO_HOOK_MALLOC', '-D_DLL_EXT=.so', '-DNO_MEMOVERRIDE_NEW_DELETE=1', '-DNDEBUG', '-DGIT_COMMIT_HASH="5aa78bb-dirty"', '-DCOMPILER_GCC=1', '-D_WCAST_ALIGN=1', '-D_FDIAGNOSTICS_COLOR_ALWAYS=1', '-D_WNO_UNKNOWN_PRAGMAS=1', '-D_WUNINITIALIZED=1', '-D_WINIT_SELF=1', '-D_WNO_UNUSED_VALUE=1', '-D_WNO_UNUSED_FUNCTION=1', '-D_WNO_UNUSED_VARIABLE=1', '../test.c', '-c', '-o/workspace/build/.conf_check_8742b670a15d414060d9861fe9114825/testbuild/test.c.1.o']
==>

int main(int argc, char **argv) {
	(void)argc; (void)argv;
	return 0;
}

<==
[1/1] Compiling build/.conf_check_254d8c2c19a3fb034fb71506fb86cdad/test.c

['/usr/bin/gcc', '-MMD', '-U_FORTIFY_SOURCE', '-fno-strict-aliasing', '-fvisibility=hidden', '-g', '-O0', '-pipe', '-fPIC', '-L/workspace/lib/linux/x86_64/', '-pthread', '-march=core2', '-mfpmath=sse', '-Wno-unknown-pragmas', '-fno-strict-aliasing', '-fvisibility=hidden', '-g', '-O0', '-pipe', '-fPIC', '-L/workspace/lib/linux/x86_64/', '-pthread', '-march=core2', '-mfpmath=sse', '-Werror', '-DDX_TO_GL_ABSTRACTION', '-DGL_GLEXT_PROTOTYPES', '-DUSE_SDL=1', '-DPLATFORM_64BITS=1', '-D_GLIBCXX_USE_CXX11_ABI=0', '-DLINUX=1', '-D_LINUX=1', '-DPOSIX=1', '-D_POSIX=1', '-DPLATFORM_POSIX=1', '-DGNUC', '-DNO_HOOK_MALLOC', '-D_DLL_EXT=.so', '-DNO_MEMOVERRIDE_NEW_DELETE=1', '-DNDEBUG', '-DGIT_COMMIT_HASH="5aa78bb-dirty"', '-DCOMPILER_GCC=1', '-D_WCAST_ALIGN=1', '../test.c', '-c', '-o/workspace/build/.conf_check_254d8c2c19a3fb034fb71506fb86cdad/testbuild/test.c.1.o']
==>

int main(int argc, char **argv) {
	(void)argc; (void)argv;
	return 0;
}

<==
[1/1] Compiling build/.conf_check_7542760cdef33556c56d31f09c2cf4d7/test.c

['/usr/bin/gcc', '-MMD', '-U_FORTIFY_SOURCE', '-fno-strict-aliasing', '-fvisibility=hidden', '-g', '-O0', '-pipe', '-fPIC', '-L/workspace/lib/linux/x86_64/', '-pthread', '-march=core2', '-mfpmath=sse', '-Wno-unused-function', '-fno-strict-aliasing', '-fvisibility=hidden', '-g', '-O0', '-pipe', '-fPIC', '-L/workspace/lib/linux/x86_64/', '-pthread', '-march=core2', '-mfpmath=sse', '-Werror', '-DDX_TO_GL_ABSTRACTION', '-DGL_GLEXT_PROTOTYPES', '-DUSE_SDL=1', '-DPLATFORM_64BITS=1', '-D_GLIBCXX_USE_CXX11_ABI=0', '-DLINUX=1', '-D_LINUX=1', '-DPOSIX=1', '-D_POSIX=1', '-DPLATFORM_POSIX=1', '-DGNUC', '-DNO_HOOK_MALLOC', '-D_DLL_EXT=.so', '-DNO_MEMOVERRIDE_NEW_DELETE=1', '-DNDEBUG', '-DGIT_COMMIT_HASH="5aa78bb-dirty"', '-DCOMPILER_GCC=1', '-D_WCAST_ALIGN=1', '-D_FDIAGNOSTICS_COLOR_ALWAYS=1', '-D_WNO_UNKNOWN_PRAGMAS=1', '-D_WUNINITIALIZED=1', '-D_WINIT_SELF=1', '../test.c', '-c', '-o/workspace/build/.conf_check_7542760cdef33556c56d31f09c2cf4d7/testbuild/test.c.1.o']
==>

int main(int argc, char **argv) {
	(void)argc; (void)argv;
	return 0;
}

<==
[1/1] Compiling build/.conf_check_7e27adedbea3c05c5fc2162859b8bcea/test.c

['/usr/bin/gcc', '-MMD', '-U_FORTIFY_SOURCE', '-fno-strict-aliasing', '-fvisibility=hidden', '-g', '-O0', '-pipe', '-fPIC', '-L/workspace/lib/linux/x86_64/', '-pthread', '-march=core2', '-mfpmath=sse', '-Wno-unused-but-set-variable', '-fno-strict-aliasing', '-fvisibility=hidden', '-g', '-O0', '-pipe', '-fPIC', '-L/workspace/lib/linux/x86_64/', '-pthread', '-march=core2', '-mfpmath=sse', '-Werror', '-DDX_TO_GL_ABSTRACTION', '-DGL_GLEXT_PROTOTYPES', '-DUSE_SDL=1', '-DPLATFORM_64BITS=1', '-D_GLIBCXX_USE_CXX11_ABI=0', '-DLINUX=1', '-D_LINUX=1', '-DPOSIX=1', '-D_POSIX=1', '-DPLATFORM_POSIX=1', '-DGNUC', '-DNO_HOOK_MALLOC', '-D_DLL_EXT=.so', '-DNO_MEMOVERRIDE_NEW_DELETE=1', '-DNDEBUG', '-DGIT_COMMIT_HASH="5aa78bb-dirty"', '-DCOMPILER_GCC=1', '-D_WCAST_ALIGN=1', '-D_FDIAGNOSTICS_COLOR_ALWAYS=1', '-D_WNO_UNKNOWN_PRAGMAS=1', '-D_WUNINITIALIZED=1', '-D_WINIT_SELF=1', '-D_WNO_UNUSED_VALUE=1', '-D_WNO_UNUSED_FUNCTION=1', '../test.c', '-c', '-o/workspace/build/.conf_check_7e27adedbea3c05c5fc2162859b8bcea/testbuild/test.c.1.o']
==>

int main(int argc, char **argv) {
	(void)argc; (void)argv;
	return 0;
}

<==
[1/1] Compiling build/.conf_check_03545a6c30f43137bfba0e6e586eb668/test.c

['/usr/bin/gcc', '-MMD', '-U_FORTIFY_SOURCE', '-fno-strict-aliasing', '-fvisibility=hidden', '-g', '-O0', '-pipe', '-fPIC', '-L/workspace/lib/linux/x86_64/', '-pthread', '-march=core2', '-mfpmath=sse', '-Wno-unused-value', '-fno-strict-aliasing', '-fvisibility=hidden', '-g', '-O0', '-pipe', '-fPIC', '-L/workspace/lib/linux/x86_64/', '-pthread', '-march=core2', '-mfpmath=sse', '-Werror', '-DDX_TO_GL_ABSTRACTION', '-DGL_GLEXT_PROTOTYPES', '-DUSE_SDL=1', '-DPLATFORM_64BITS=1', '-D_GLIBCXX_USE_CXX11_ABI=0', '-DLINUX=1', '-D_LINUX=1', '-DPOSIX=1', '-D_POSIX=1', '-DPLATFORM_POSIX=1', '-DGNUC', '-DNO_HOOK_MALLOC', '-D_DLL_EXT=.so', '-DNO_MEMOVERRIDE_NEW_DELETE=1', '-DNDEBUG', '-DGIT_COMMIT_HASH="5aa78bb-dirty"', '-DCOMPILER_GCC=1', '-D_WCAST_ALIGN=1', '-D_FDIAGNOSTICS_COLOR_ALWAYS=1', '-D_WNO_UNKNOWN_PRAGMAS=1', '-D_WUNINITIALIZED=1', '../test.c', '-c', '-o/workspace/build/.conf_check_03545a6c30f43137bfba0e6e586eb668/testbuild/test.c.1.o']
==>

int main(int argc, char **argv) {
	(void)argc; (void)argv;
	return 0;
}

<==
[1/1] Compiling build/.conf_check_1fcd1c73efa24aaa2f99e197eb15e90c/test.c

['/usr/bin/gcc', '-MMD', '-U_FORTIFY_SOURCE', '-fno-strict-aliasing', '-fvisibility=hidden', '-g', '-O0', '-pipe', '-fPIC', '-L/workspace/lib/linux/x86_64/', '-pthread', '-march=core2', '-mfpmath=sse', '-Wno-unused-variable', '-fno-strict-aliasing', '-fvisibility=hidden', '-g', '-O0', '-pipe', '-fPIC', '-L/workspace/lib/linux/x86_64/', '-pthread', '-march=core2', '-mfpmath=sse', '-Werror', '-DDX_TO_GL_ABSTRACTION', '-DGL_GLEXT_PROTOTYPES', '-DUSE_SDL=1', '-DPLATFORM_64BITS=1', '-D_GLIBCXX_USE_CXX11_ABI=0', '-DLINUX=1', '-D_LINUX=1', '-DPOSIX=1', '-D_POSIX=1', '-DPLATFORM_POSIX=1', '-DGNUC', '-DNO_HOOK_MALLOC', '-D_DLL_EXT=.so', '-DNO_MEMOVERRIDE_NEW_DELETE=1', '-DNDEBUG', '-DGIT_COMMIT_HASH="5aa78bb-dirty"', '-DCOMPILER_GCC=1', '-D_WCAST_ALIGN=1', '-D_FDIAGNOSTICS_COLOR_ALWAYS=1', '-D_WNO_UNKNOWN_PRAGMAS=1', '-D_WUNINITIALIZED=1', '-D_WINIT_SELF=1', '-D_WNO_UNUSED_VALUE=1', '-D_WNO_UNUSED_FUNCTION=1', '../test.c', '-c', '-o/workspace/build/.conf_check_1fcd1c73efa24aaa2f99e197eb15e90c/testbuild/test.c.1.o']
from /workspace: Test does not build: Traceback (most recent call last):
  File "/workspace/.waf3-2.0.26-84a26fddc7f40e4e4f00569f36be455a/waflib/Configure.py", line 606, in run_build
    bld.compile()
  File "/workspace/.waf3-2.0.26-84a26fddc7f40e4e4f00569f36be455a/waflib/Build.py", line 359, in compile
    raise Errors.BuildError(self.producer.error)
waflib.Errors.BuildError: Build failed
 -> task in 'testprog' failed with exit status 1 (run with -v to display more information)

from /workspace: The configuration failed
from /workspace: Test does not build: Traceback (most recent call last):
  File "/workspace/.waf3-2.0.26-84a26fddc7f40e4e4f00569f36be455a/waflib/Configure.py", line 606, in run_build
    bld.compile()
  File "/workspace/.waf3-2.0.26-84a26fddc7f40e4e4f00569f36be455a/waflib/Build.py", line 359, in compile
    raise Errors.BuildError(self.producer.error)
waflib.Errors.BuildError: Build failed
 -> task in 'testprog' failed with exit status 1 (run with -v to display more information)

from /workspace: The configuration failed
-------------------------------------------------------
-> processing test results
2 test failed
from /workspace: One of the tests has failed, read config.log for more information
-------------------------------------------------------
Checking for library dl
==>

int main(int argc, char **argv) {
	(void)argc; (void)argv;
	return 0;
}

<==
[1/2] Compiling build/.conf_check_6c8b7b9fc3fa2f4dff2e276a3164420b/test.c

['/usr/bin/gcc', '-MMD', '-U_FORTIFY_SOURCE', '-fno-strict-aliasing', '-fvisibility=hidden', '-g', '-O0', '-pipe', '-fPIC', '-L/workspace/lib/linux/x86_64/', '-pthread', '-march=core2', '-mfpmath=sse', '-Wall', '-fdiagnostics-color=always', '-Wcast-align', '-Wuninitialized', '-Winit-self', '-Wstrict-aliasing', '-Wno-reorder', '-Wno-unknown-pragmas', '-Wno-unused-function', '-Wno-unused-but-set-variable', '-Wno-unused-value', '-Wno-unused-variable', '-I../../../common', '-DDX_TO_GL_ABSTRACTION', '-DGL_GLEXT_PROTOTYPES', '-DUSE_SDL=1', '-DPLATFORM_64BITS=1', '-D_GLIBCXX_USE_CXX11_ABI=0', '-DLINUX=1', '-D_LINUX=1', '-DPOSIX=1', '-D_POSIX=1', '-DPLATFORM_POSIX=1', '-DGNUC', '-DNO_HOOK_MALLOC', '-D_DLL_EXT=.so', '-DNO_MEMOVERRIDE_NEW_DELETE=1', '-DNDEBUG', '-DGIT_COMMIT_HASH="5aa78bb-dirty"', '-DCOMPILER_GCC=1', '../test.c', '-c', '-o/workspace/build/.conf_check_6c8b7b9fc3fa2f4dff2e276a3164420b/testbuild/test.c.1.o']
err: [01m[Kcc1:[m[K [01;35m[Kwarning: [m[Kcommand-line option ‘[01m[K-Wno-reorder[m[K’ is valid for C++/ObjC++ but not for C

[2/2] Linking build/.conf_check_6c8b7b9fc3fa2f4dff2e276a3164420b/testbuild/testprog

['/usr/bin/gcc', '-Wl,--no-undefined', '-pipe', '-fPIC', '-L/workspace/lib/linux/x86_64/', '-pthread', '-march=core2', '-mfpmath=sse', 'test.c.1.o', '-o/workspace/build/.conf_check_6c8b7b9fc3fa2f4dff2e276a3164420b/testbuild/testprog', '-Wl,-Bstatic', '-Wl,-Bdynamic', '-ldl']
yes
-------------------------------------------------------
Checking for library bz2
==>

int main(int argc, char **argv) {
	(void)argc; (void)argv;
	return 0;
}

<==
[1/2] Compiling build/.conf_check_4e3fe813488acc8a788be8148fd35bed/test.c

['/usr/bin/gcc', '-MMD', '-U_FORTIFY_SOURCE', '-fno-strict-aliasing', '-fvisibility=hidden', '-g', '-O0', '-pipe', '-fPIC', '-L/workspace/lib/linux/x86_64/', '-pthread', '-march=core2', '-mfpmath=sse', '-Wall', '-fdiagnostics-color=always', '-Wcast-align', '-Wuninitialized', '-Winit-self', '-Wstrict-aliasing', '-Wno-reorder', '-Wno-unknown-pragmas', '-Wno-unused-function', '-Wno-unused-but-set-variable', '-Wno-unused-value', '-Wno-unused-variable', '-I../../../common', '-DDX_TO_GL_ABSTRACTION', '-DGL_GLEXT_PROTOTYPES', '-DUSE_SDL=1', '-DPLATFORM_64BITS=1', '-D_GLIBCXX_USE_CXX11_ABI=0', '-DLINUX=1', '-D_LINUX=1', '-DPOSIX=1', '-D_POSIX=1', '-DPLATFORM_POSIX=1', '-DGNUC', '-DNO_HOOK_MALLOC', '-D_DLL_EXT=.so', '-DNO_MEMOVERRIDE_NEW_DELETE=1', '-DNDEBUG', '-DGIT_COMMIT_HASH="5aa78bb-dirty"', '-DCOMPILER_GCC=1', '../test.c', '-c', '-o/workspace/build/.conf_check_4e3fe813488acc8a788be8148fd35bed/testbuild/test.c.1.o']
err: [01m[Kcc1:[m[K [01;35m[Kwarning: [m[Kcommand-line option ‘[01m[K-Wno-reorder[m[K’ is valid for C++/ObjC++ but not for C

[2/2] Linking build/.conf_check_4e3fe813488acc8a788be8148fd35bed/testbuild/testprog

['/usr/bin/gcc', '-Wl,--no-undefined', '-pipe', '-fPIC', '-L/workspace/lib/linux/x86_64/', '-pthread', '-march=core2', '-mfpmath=sse', 'test.c.1.o', '-o/workspace/build/.conf_check_4e3fe813488acc8a788be8148fd35bed/testbuild/testprog', '-Wl,-Bstatic', '-Wl,-Bdynamic', '-lbz2']
yes
-------------------------------------------------------
Checking for library rt
==>

int main(int argc, char **argv) {
	(void)argc; (void)argv;
	return 0;
}

<==
[1/2] Compiling build/.conf_check_b73995a7a9fdd02e13be241eb425cd8f/test.c

['/usr/bin/gcc', '-MMD', '-U_FORTIFY_SOURCE', '-fno-strict-aliasing', '-fvisibility=hidden', '-g', '-O0', '-pipe', '-fPIC', '-L/workspace/lib/linux/x86_64/', '-pthread', '-march=core2', '-mfpmath=sse', '-Wall', '-fdiagnostics-color=always', '-Wcast-align', '-Wuninitialized', '-Winit-self', '-Wstrict-aliasing', '-Wno-reorder', '-Wno-unknown-pragmas', '-Wno-unused-function', '-Wno-unused-but-set-variable', '-Wno-unused-value', '-Wno-unused-variable', '-I../../../common', '-DDX_TO_GL_ABSTRACTION', '-DGL_GLEXT_PROTOTYPES', '-DUSE_SDL=1', '-DPLATFORM_64BITS=1', '-D_GLIBCXX_USE_CXX11_ABI=0', '-DLINUX=1', '-D_LINUX=1', '-DPOSIX=1', '-D_POSIX=1', '-DPLATFORM_POSIX=1', '-DGNUC', '-DNO_HOOK_MALLOC', '-D_DLL_EXT=.so', '-DNO_MEMOVERRIDE_NEW_DELETE=1', '-DNDEBUG', '-DGIT_COMMIT_HASH="5aa78bb-dirty"', '-DCOMPILER_GCC=1', '../test.c', '-c', '-o/workspace/build/.conf_check_b73995a7a9fdd02e13be241eb425cd8f/testbuild/test.c.1.o']
err: [01m[Kcc1:[m[K [01;35m[Kwarning: [m[Kcommand-line option ‘[01m[K-Wno-reorder[m[K’ is valid for C++/ObjC++ but not for C

[2/2] Linking build/.conf_check_b73995a7a9fdd02e13be241eb425cd8f/testbuild/testprog

['/usr/bin/gcc', '-Wl,--no-undefined', '-pipe', '-fPIC', '-L/workspace/lib/linux/x86_64/', '-pthread', '-march=core2', '-mfpmath=sse', 'test.c.1.o', '-o/workspace/build/.conf_check_b73995a7a9fdd02e13be241eb425cd8f/testbuild/testprog', '-Wl,-Bstatic', '-Wl,-Bdynamic', '-lrt']
yes
-------------------------------------------------------
Checking for library m
==>

int main(int argc, char **argv) {
	(void)argc; (void)argv;
	return 0;
}

<==
[1/2] Compiling build/.conf_check_9523fe052bbc82fde8fa0f46c9110de7/test.c

['/usr/bin/gcc', '-MMD', '-U_FORTIFY_SOURCE', '-fno-strict-aliasing', '-fvisibility=hidden', '-g', '-O0', '-pipe', '-fPIC', '-L/workspace/lib/linux/x86_64/', '-pthread', '-march=core2', '-mfpmath=sse', '-Wall', '-fdiagnostics-color=always', '-Wcast-align', '-Wuninitialized', '-Winit-self', '-Wstrict-aliasing', '-Wno-reorder', '-Wno-unknown-pragmas', '-Wno-unused-function', '-Wno-unused-but-set-variable', '-Wno-unused-value', '-Wno-unused-variable', '-I../../../common', '-DDX_TO_GL_ABSTRACTION', '-DGL_GLEXT_PROTOTYPES', '-DUSE_SDL=1', '-DPLATFORM_64BITS=1', '-D_GLIBCXX_USE_CXX11_ABI=0', '-DLINUX=1', '-D_LINUX=1', '-DPOSIX=1', '-D_POSIX=1', '-DPLATFORM_POSIX=1', '-DGNUC', '-DNO_HOOK_MALLOC', '-D_DLL_EXT=.so', '-DNO_MEMOVERRIDE_NEW_DELETE=1', '-DNDEBUG', '-DGIT_COMMIT_HASH="5aa78bb-dirty"', '-DCOMPILER_GCC=1', '../test.c', '-c', '-o/workspace/build/.conf_check_9523fe052bbc82fde8fa0f46c9110de7/testbuild/test.c.1.o']
err: [01m[Kcc1:[m[K [01;35m[Kwarning: [m[Kcommand-line option ‘[01m[K-Wno-reorder[m[K’ is valid for C++/ObjC++ but not for C

[2/2] Linking build/.conf_check_9523fe052bbc82fde8fa0f46c9110de7/testbuild/testprog

['/usr/bin/gcc', '-Wl,--no-undefined', '-pipe', '-fPIC', '-L/workspace/lib/linux/x86_64/', '-pthread', '-march=core2', '-mfpmath=sse', 'test.c.1.o', '-o/workspace/build/.conf_check_9523fe052bbc82fde8fa0f46c9110de7/testbuild/testprog', '-Wl,-Bstatic', '-Wl,-Bdynamic', '-lm']
yes
-------------------------------------------------------
Checking for program 'pkg-config'
/usr/bin/pkg-config
find program=['pkg-config'] paths=['/usr/local/sbin', '/usr/local/bin', '/usr/sbin', '/usr/bin', '/sbin', '/bin'] var='PKGCONFIG' -> ['/usr/bin/pkg-config']
-------------------------------------------------------
Checking for 'sdl2'
['/usr/bin/pkg-config', '--cflags', '--libs', 'sdl2']
out: -I/usr/include/SDL2 -D_REENTRANT -lSDL2 

yes
-------------------------------------------------------
Checking for 'freetype2'
['/usr/bin/pkg-config', '--cflags', '--libs', 'freetype2']
err: Package freetype2 was not found in the pkg-config search path.
Perhaps you should add the directory containing `freetype2.pc'
to the PKG_CONFIG_PATH environment variable
Package 'freetype2', required by 'virtual:world', not found

not found
from /workspace: The configuration failed
from /workspace: freetype2 not available! Install freetype2 development package. Also you may need to set PKG_CONFIG_PATH environment variable
